Component: Arm Compiler for Embedded 6.19 Tool: armlink [5e73cb00]

==============================================================================

Section Cross References

    startup_tm4c123.o(STACK) refers (Special) to heapauxi.o(.text) for __use_two_region_memory
    startup_tm4c123.o(HEAP) refers (Special) to heapauxi.o(.text) for __use_two_region_memory
    startup_tm4c123.o(RESET) refers (Special) to heapauxi.o(.text) for __use_two_region_memory
    startup_tm4c123.o(RESET) refers to startup_tm4c123.o(STACK) for __initial_sp
    startup_tm4c123.o(RESET) refers to startup_tm4c123.o(.text) for Reset_Handler
    startup_tm4c123.o(RESET) refers to main.o(.text) for SysTick_Handler
    startup_tm4c123.o(RESET) refers to uart.o(.text) for UART1_Handler
    startup_tm4c123.o(RESET) refers to timer0.o(.text) for TIMER0A_Handler
    startup_tm4c123.o(RESET) refers to timer1.o(.text) for TIMER1A_Handler
    startup_tm4c123.o(RESET) refers to texas.o(.text) for TIMER5A_Handler
    startup_tm4c123.o(.text) refers (Special) to heapauxi.o(.text) for __use_two_region_memory
    startup_tm4c123.o(.text) refers to __main.o(!!!main) for __main
    startup_tm4c123.o(.text) refers to startup_tm4c123.o(HEAP) for Heap_Mem
    startup_tm4c123.o(.text) refers to startup_tm4c123.o(STACK) for Stack_Mem
    main.o(.text) refers to main.o(.bss.my) for my
    main.o(.text) refers to slidepot.o(.text) for SlidePot::SlidePot(unsigned int, unsigned int)
    main.o(.text) refers to main.o(.bss.b) for b
    main.o(.text) refers to main.o(.data.setUp) for setUp
    main.o(.text) refers to module.o(.text) for Bomb::Bomb(int*, int)
    main.o(.text) refers to main.o(.data.ADCint) for ADCint
    main.o(.text) refers to main.o(.bss.ADCinterval) for ADCinterval
    main.o(.text) refers to faddsub_clz.o(x$fpl$fadd) for __aeabi_fadd
    main.o(.text) refers to fmul.o(x$fpl$fmul) for __aeabi_fmul
    main.o(.text) refers to new.cpp.o(.text._Znwj) for operator new(unsigned int)
    main.o(.text) refers to main.o(.bss.modules) for modules
    main.o(.text) refers to main.o(.bss.t) for t
    main.o(.text) refers to main.o(.bss.timer_location) for timer_location
    main.o(.text) refers to main.o(.bss.num_wires) for num_wires
    main.o(.text) refers to main.o(.bss.w1) for w1
    main.o(.text) refers to main.o(.bss.w2) for w2
    main.o(.text) refers to main.o(.bss.num_button) for num_button
    main.o(.text) refers to main.o(.bss.b1) for b1
    main.o(.text) refers to main.o(.bss.b2) for b2
    main.o(.text) refers to main.o(.bss.num_MorseCode) for num_MorseCode
    main.o(.text) refers to main.o(.bss.mc1) for mc1
    main.o(.text) refers to main.o(.bss.mc2) for mc2
    main.o(.text) refers to main.o(.bss.num_math) for num_math
    main.o(.text) refers to main.o(.bss.m1) for m1
    main.o(.text) refers to main.o(.bss.m2) for m2
    main.o(.text) refers to new.cpp.o(.text._Znaj) for operator new[](unsigned int)
    main.o(.text) refers to main.o(.bss.PeriodicTask3) for PeriodicTask3
    main.o(.text) refers to timer1.o(.text) for noneSelected()
    main.o(.text) refers to main.o(.bss.screen) for screen
    main.o(.text) refers to main.o(.bss.selectorclicked) for selectorclicked
    main.o(.text) refers to main.o(.bss.ADCFlag) for ADCFlag
    main.o(.text) refers to startup_tm4c123.o(.text) for DisableInterrupts
    main.o(.text) refers to pll.o(.text) for PLL_Init(unsigned int)
    main.o(.text) refers to st7735.o(.text) for Output_Init()
    main.o(.text) refers to sound.o(.text) for Wave_Init()
    main.o(.text) refers to main.o(.rodata._ZL5title) for title
    main.o(.text) refers to main.o(.rodata.str1.1) for .L.str
    main.o(.text) refers to main.o(.bss.language) for language
    main.o(.ARM.exidx) refers to main.o(.text) for [Anonymous Symbol]
    main.o(.data.explosion) refers to main.o(.rodata._ZL10explosion1) for [Anonymous Symbol]
    main.o(.data.explosion) refers to main.o(.rodata._ZL10explosion2) for [Anonymous Symbol]
    main.o(.data.explosion) refers to main.o(.rodata._ZL10explosion3) for [Anonymous Symbol]
    main.o(.data.explosion) refers to main.o(.rodata._ZL10explosion4) for [Anonymous Symbol]
    main.o(.data.explosion) refers to main.o(.rodata._ZL10explosion5) for [Anonymous Symbol]
    main.o(.data.explosion) refers to main.o(.rodata._ZL10explosion6) for [Anonymous Symbol]
    main.o(.init_array) refers to main.o(.text) for _GLOBAL__sub_I_main.cpp
    dac.o(.ARM.exidx) refers to dac.o(.text) for [Anonymous Symbol]
    pll.o(.ARM.exidx) refers to pll.o(.text) for [Anonymous Symbol]
    random.o(.text) refers to random.o(.bss._ZL1M) for M
    random.o(.ARM.exidx) refers to random.o(.text) for [Anonymous Symbol]
    st7735.o(.text) refers to st7735.o(.rodata._ZL4Bcmd) for Bcmd
    st7735.o(.text) refers to st7735.o(.data.StTextColor) for StTextColor
    st7735.o(.text) refers to st7735.o(.bss._ZL8RowStart) for RowStart
[...]
    HIB_Handler                              0x00000399   Thumb Code     2  startup_tm4c123.o(.text)
    USB0_Handler                             0x0000039b   Thumb Code     2  startup_tm4c123.o(.text)
    PWM0_3_Handler                           0x0000039d   Thumb Code     2  startup_tm4c123.o(.text)
    UDMA_Handler                             0x0000039f   Thumb Code     2  startup_tm4c123.o(.text)
    UDMAERR_Handler                          0x000003a1   Thumb Code     2  startup_tm4c123.o(.text)
    ADC1SS0_Handler                          0x000003a3   Thumb Code     2  startup_tm4c123.o(.text)
    ADC1SS1_Handler                          0x000003a5   Thumb Code     2  startup_tm4c123.o(.text)
    ADC1SS2_Handler                          0x000003a7   Thumb Code     2  startup_tm4c123.o(.text)
    ADC1SS3_Handler                          0x000003a9   Thumb Code     2  startup_tm4c123.o(.text)
    GPIOJ_Handler                            0x000003ab   Thumb Code     2  startup_tm4c123.o(.text)
    GPIOK_Handler                            0x000003ad   Thumb Code     2  startup_tm4c123.o(.text)
    GPIOL_Handler                            0x000003af   Thumb Code     2  startup_tm4c123.o(.text)
    SSI2_Handler                             0x000003b1   Thumb Code     2  startup_tm4c123.o(.text)
    SSI3_Handler                             0x000003b3   Thumb Code     2  startup_tm4c123.o(.text)
    UART3_Handler                            0x000003b5   Thumb Code     2  startup_tm4c123.o(.text)
    UART4_Handler                            0x000003b7   Thumb Code     2  startup_tm4c123.o(.text)
    UART5_Handler                            0x000003b9   Thumb Code     2  startup_tm4c123.o(.text)
    UART6_Handler                            0x000003bb   Thumb Code     2  startup_tm4c123.o(.text)
    UART7_Handler                            0x000003bd   Thumb Code     2  startup_tm4c123.o(.text)
    I2C2_Handler                             0x000003bf   Thumb Code     2  startup_tm4c123.o(.text)
    I2C3_Handler                             0x000003c1   Thumb Code     2  startup_tm4c123.o(.text)
    TIMER4A_Handler                          0x000003c3   Thumb Code     2  startup_tm4c123.o(.text)
    TIMER4B_Handler                          0x000003c5   Thumb Code     2  startup_tm4c123.o(.text)
    TIMER5B_Handler                          0x000003c9   Thumb Code     2  startup_tm4c123.o(.text)
    WTIMER0A_Handler                         0x000003cb   Thumb Code     2  startup_tm4c123.o(.text)
    WTIMER0B_Handler                         0x000003cd   Thumb Code     2  startup_tm4c123.o(.text)
    WTIMER1A_Handler                         0x000003cf   Thumb Code     2  startup_tm4c123.o(.text)
    WTIMER1B_Handler                         0x000003d1   Thumb Code     2  startup_tm4c123.o(.text)
    WTIMER2A_Handler                         0x000003d3   Thumb Code     2  startup_tm4c123.o(.text)
    WTIMER2B_Handler                         0x000003d5   Thumb Code     2  startup_tm4c123.o(.text)
    WTIMER3A_Handler                         0x000003d7   Thumb Code     2  startup_tm4c123.o(.text)
    WTIMER3B_Handler                         0x000003d9   Thumb Code     2  startup_tm4c123.o(.text)
    WTIMER4A_Handler                         0x000003db   Thumb Code     2  startup_tm4c123.o(.text)
    WTIMER4B_Handler                         0x000003dd   Thumb Code     2  startup_tm4c123.o(.text)
    WTIMER5A_Handler                         0x000003df   Thumb Code     2  startup_tm4c123.o(.text)
    WTIMER5B_Handler                         0x000003e1   Thumb Code     2  startup_tm4c123.o(.text)
    FPU_Handler                              0x000003e3   Thumb Code     2  startup_tm4c123.o(.text)
    I2C4_Handler                             0x000003e5   Thumb Code     2  startup_tm4c123.o(.text)
    I2C5_Handler                             0x000003e7   Thumb Code     2  startup_tm4c123.o(.text)
    GPIOM_Handler                            0x000003e9   Thumb Code     2  startup_tm4c123.o(.text)
    GPION_Handler                            0x000003eb   Thumb Code     2  startup_tm4c123.o(.text)
    QEI2_Handler                             0x000003ed   Thumb Code     2  startup_tm4c123.o(.text)
    GPIOP0_Handler                           0x000003ef   Thumb Code     2  startup_tm4c123.o(.text)
    GPIOP1_Handler                           0x000003f1   Thumb Code     2  startup_tm4c123.o(.text)
    GPIOP2_Handler                           0x000003f3   Thumb Code     2  startup_tm4c123.o(.text)
    GPIOP3_Handler                           0x000003f5   Thumb Code     2  startup_tm4c123.o(.text)
    GPIOP4_Handler                           0x000003f7   Thumb Code     2  startup_tm4c123.o(.text)
    GPIOP5_Handler                           0x000003f9   Thumb Code     2  startup_tm4c123.o(.text)
    GPIOP6_Handler                           0x000003fb   Thumb Code     2  startup_tm4c123.o(.text)
    GPIOP7_Handler                           0x000003fd   Thumb Code     2  startup_tm4c123.o(.text)
    GPIOQ0_Handler                           0x000003ff   Thumb Code     2  startup_tm4c123.o(.text)
    GPIOQ1_Handler                           0x00000401   Thumb Code     2  startup_tm4c123.o(.text)
    GPIOQ2_Handler                           0x00000403   Thumb Code     2  startup_tm4c123.o(.text)
    GPIOQ3_Handler                           0x00000405   Thumb Code     2  startup_tm4c123.o(.text)
    GPIOQ4_Handler                           0x00000407   Thumb Code     2  startup_tm4c123.o(.text)
    GPIOQ5_Handler                           0x00000409   Thumb Code     2  startup_tm4c123.o(.text)
    GPIOQ6_Handler                           0x0000040b   Thumb Code     2  startup_tm4c123.o(.text)
    GPIOQ7_Handler                           0x0000040d   Thumb Code     2  startup_tm4c123.o(.text)
    GPIOR_Handler                            0x0000040f   Thumb Code     2  startup_tm4c123.o(.text)
    GPIOS_Handler                            0x00000411   Thumb Code     2  startup_tm4c123.o(.text)
    PMW1_0_Handler                           0x00000413   Thumb Code     2  startup_tm4c123.o(.text)
    PWM1_1_Handler                           0x00000415   Thumb Code     2  startup_tm4c123.o(.text)
    PWM1_2_Handler                           0x00000417   Thumb Code     2  startup_tm4c123.o(.text)
    PWM1_3_Handler                           0x00000419   Thumb Code     2  startup_tm4c123.o(.text)
    PWM1_FAULT_Handler                       0x0000041b   Thumb Code     2  startup_tm4c123.o(.text)
    __user_initial_stackheap                 0x0000041d   Thumb Code     0  startup_tm4c123.o(.text)
    Bomb_Init(int*)                          0x00000629   Thumb Code   700  main.o(.text)
    abs(int)                                 0x000008e5   Thumb Code    32  main.o(.text)
    convertTime(int)                         0x00000905   Thumb Code   136  main.o(.text)
    Timer3A_Init(void (*)(), unsigned int)   0x0000098d   Thumb Code   152  main.o(.text)
    Timer3A_Stop()                           0x00000a25   Thumb Code    26  main.o(.text)
    TIMER3A_Handler                          0x00000a41   Thumb Code    28  main.o(.text)
    task3()                                  0x00000a5d   Thumb Code   282  main.o(.text)
    PortF_Init()                             0x00000b79   Thumb Code   140  main.o(.text)
    SysTick_Init(unsigned int)               0x00000c05   Thumb Code    66  main.o(.text)
    SysTick_Handler                          0x00000c49   Thumb Code    36  main.o(.text)
    main                                     0x00000c6d   Thumb Code   454  main.o(.text)
    DAC_Init()                               0x00000e45   Thumb Code    86  dac.o(.text)
    DAC_Out(unsigned int)                    0x00000e9d   Thumb Code    20  dac.o(.text)
    PLL_Init(unsigned int)                   0x00000eb1   Thumb Code   138  pll.o(.text)
    Random_Init(unsigned int)                0x00000f3d   Thumb Code    20  random.o(.text)
    Random32()                               0x00000f51   Thumb Code    36  random.o(.text)
    Random()                                 0x00000f75   Thumb Code    36  random.o(.text)
    Delay1ms(unsigned int)                   0x00000f99   Thumb Code    46  st7735.o(.text)
    ST7735_InitB()                           0x00000fc9   Thumb Code    50  st7735.o(.text)
    ST7735_SetCursor(unsigned int, unsigned int) 0x000011a1   Thumb Code    54  st7735.o(.text)
    ST7735_FillScreen(unsigned short)        0x000011d9   Thumb Code    52  st7735.o(.text)
    ST7735_InitR(initRFlags)                 0x0000120d   Thumb Code   166  st7735.o(.text)
    ST7735_DrawPixel(short, short, unsigned short) 0x000013f9   Thumb Code   116  st7735.o(.text)
    ST7735_DrawFastVLine(short, short, short, unsigned short) 0x00001541   Thumb Code   204  st7735.o(.text)
    ST7735_DrawFastHLine(short, short, short, unsigned short) 0x0000160d   Thumb Code   204  st7735.o(.text)
    ST7735_FillRect(short, short, short, short, unsigned short) 0x000016d9   Thumb Code   324  st7735.o(.text)
    ST7735_DrawSmallCircle(short, short, unsigned short) 0x0000181d   Thumb Code   218  st7735.o(.text)
    ST7735_DrawCircle(short, short, unsigned short) 0x000018f9   Thumb Code   218  st7735.o(.text)
    ST7735_Color565(unsigned char, unsigned char, unsigned char) 0x000019d5   Thumb Code    48  st7735.o(.text)
    ST7735_SwapColor(unsigned short)         0x00001a05   Thumb Code    28  st7735.o(.text)
    ST7735_DrawBitmap(short, short, unsigned short const*, short, short) 0x00001a21   Thumb Code   594  st7735.o(.text)
    ST7735_DrawCharS(short, short, char, short, short, unsigned char) 0x00001c75   Thumb Code   438  st7735.o(.text)
    ST7735_DrawChar(short, short, char, short, short, unsigned char) 0x00001e2d   Thumb Code   438  st7735.o(.text)
    ST7735_DrawString(unsigned short, unsigned short, char*, short) 0x00001fe5   Thumb Code   154  st7735.o(.text)
    fillmessage(unsigned int)                0x00002081   Thumb Code   112  st7735.o(.text)
    ST7735_OutUDec(unsigned int)             0x000020f1   Thumb Code   166  st7735.o(.text)
    ST7735_OutFix(unsigned int)              0x00002199   Thumb Code   190  st7735.o(.text)
    ST7735_OutString                         0x00002259   Thumb Code    36  st7735.o(.text)
    ST7735_OutChar                           0x0000227d   Thumb Code   270  st7735.o(.text)
    ST7735_SetRotation(unsigned char)        0x0000238d   Thumb Code   294  st7735.o(.text)
    ST7735_InvertDisplay(int)                0x000024b5   Thumb Code    36  st7735.o(.text)
    ST7735_PlotClear(int, int)               0x000024d9   Thumb Code   144  st7735.o(.text)
    ST7735_PlotPoint(int)                    0x00002569   Thumb Code   222  st7735.o(.text)
    ST7735_PlotLine(int)                     0x00002649   Thumb Code   462  st7735.o(.text)
    ST7735_PlotPoints(int, int)              0x00002819   Thumb Code   314  st7735.o(.text)
    ST7735_PlotBar(int)                      0x00002955   Thumb Code   138  st7735.o(.text)
    ST7735_PlotdBfs(int)                     0x000029e1   Thumb Code    96  st7735.o(.text)
    ST7735_PlotNext()                        0x00002a41   Thumb Code    48  st7735.o(.text)
    ST7735_PlotNextErase()                   0x00002a71   Thumb Code    90  st7735.o(.text)
    ST7735_SetTextColor(unsigned short)      0x00002acd   Thumb Code    24  st7735.o(.text)
    Output_Init()                            0x00002ae5   Thumb Code    16  st7735.o(.text)
    Output_Clear()                           0x00002af5   Thumb Code    10  st7735.o(.text)
    Output_Off()                             0x00002b01   Thumb Code     8  st7735.o(.text)
    Output_On()                              0x00002b09   Thumb Code     8  st7735.o(.text)
    Output_Color(unsigned int)               0x00002b11   Thumb Code    18  st7735.o(.text)
    ADC_Init()                               0x00002b25   Thumb Code   250  slidepot.o(.text)
    ADC_In()                                 0x00002c21   Thumb Code    70  slidepot.o(.text)
    SlidePot::SlidePot(unsigned int, unsigned int) 0x00002c69   Thumb Code    22  slidepot.o(.text)
    SlidePot::SlidePot__sub_object(unsigned int, unsigned int) 0x00002c69   Thumb Code    22  slidepot.o(.text)
    SlidePot::Save(unsigned int)             0x00002c81   Thumb Code    34  slidepot.o(.text)
    SlidePot::Convert(unsigned int)          0x00002ca5   Thumb Code    24  slidepot.o(.text)
    SlidePot::Sync()                         0x00002cbd   Thumb Code    30  slidepot.o(.text)
    SlidePot::ADCsample()                    0x00002cdd   Thumb Code    12  slidepot.o(.text)
    SlidePot::Distance()                     0x00002ce9   Thumb Code    12  slidepot.o(.text)
    Timer2A_Init(unsigned int, unsigned int) 0x00002cf5   Thumb Code   136  sound.o(.text)
    Timer2A_Start()                          0x00002d7d   Thumb Code    34  sound.o(.text)
    Wave_Stop()                              0x00002da1   Thumb Code    16  sound.o(.text)
    Wave_Init()                              0x00002db1   Thumb Code    30  sound.o(.text)
    Timer2A_Handler()                        0x00002dd1   Thumb Code    84  sound.o(.text)
    Wave_Start(unsigned char const*, unsigned int) 0x00002e25   Thumb Code    40  sound.o(.text)
    Wave_bExplosion()                        0x00002e4d   Thumb Code    20  sound.o(.text)
    Wave_complete()                          0x00002e61   Thumb Code    20  sound.o(.text)
    abs(unsigned int)                        0x00002e75   Thumb Code    32  timer0.o(.text)
    Timer0_Init(void (*)(), unsigned int)    0x00002e95   Thumb Code   140  timer0.o(.text)
    TIMER0A_Handler                          0x00002f21   Thumb Code    26  timer0.o(.text)
    task0()                                  0x00002f3d   Thumb Code    16  timer0.o(.text)
    Timer1_Init(void (*)(), unsigned int)    0x00002f69   Thumb Code   154  timer1.o(.text)
    TIMER1A_Handler                          0x00003005   Thumb Code    28  timer1.o(.text)
    task1()                                  0x00003021   Thumb Code  2626  timer1.o(.text)
    noneSelected()                           0x00003a65   Thumb Code    74  timer1.o(.text)
    UART_Init()                              0x00003ac9   Thumb Code     2  uart.o(.text)
    UART_InChar()                            0x00003acd   Thumb Code    10  uart.o(.text)
    UART_InStatus()                          0x00003ad9   Thumb Code     4  uart.o(.text)
    UART_OutChar(char)                       0x00003add   Thumb Code    10  uart.o(.text)
    UART1_Handler                            0x00003ae9   Thumb Code     2  uart.o(.text)
    UART_OutString(char*)                    0x00003aed   Thumb Code    36  uart.o(.text)
    UART_OutUDec(unsigned int)               0x00003b11   Thumb Code    72  uart.o(.text)
    UART_InMessage(char*)                    0x00003b59   Thumb Code     8  uart.o(.text)
    Queue::Queue()                           0x00003b69   Thumb Code    10  fifo.o(.text)
    Queue::Queue__sub_object()               0x00003b69   Thumb Code    10  fifo.o(.text)
    Queue::IsEmpty()                         0x00003b75   Thumb Code    10  fifo.o(.text)
    Queue::IsFull()                          0x00003b81   Thumb Code    10  fifo.o(.text)
    Queue::Put(char)                         0x00003b8d   Thumb Code    14  fifo.o(.text)
    Queue::Get(char*)                        0x00003b9d   Thumb Code    12  fifo.o(.text)
    Queue::Print()                           0x00003ba9   Thumb Code     8  fifo.o(.text)
    TExaS_Init()                             0x00003bb1   Thumb Code   150  texas.o(.text)
    UART0_Init()                             0x00003c49   Thumb Code   192  texas.o(.text)
    ADC1_Init()                              0x00003d09   Thumb Code   244  texas.o(.text)
    TIMER5A_Handler                          0x00003dfd   Thumb Code    36  texas.o(.text)
    TExaS_Stop()                             0x00003e21   Thumb Code    28  texas.o(.text)
    drawRect(int, int, int, int, unsigned short) 0x00003e3d   Thumb Code   116  module.o(.text)
    Bomb::Bomb()                             0x00003eb1   Thumb Code    36  module.o(.text)
    Bomb::Bomb__sub_object()                 0x00003eb1   Thumb Code    36  module.o(.text)
    Bomb::Bomb(int*, int)                    0x00003ed5   Thumb Code   100  module.o(.text)
    Bomb::Bomb__sub_object(int*, int)        0x00003ed5   Thumb Code   100  module.o(.text)
    Bomb::returnSide()                       0x00003f39   Thumb Code    12  module.o(.text)
    Bomb::isSolved()                         0x00003f45   Thumb Code    88  module.o(.text)
    Bomb::setSide(int)                       0x00003f9d   Thumb Code    16  module.o(.text)
    Bomb::drawBomb2()                        0x00003fad   Thumb Code    90  module.o(.text)
    Bomb::drawBomb4()                        0x00004009   Thumb Code    90  module.o(.text)
    Bomb::hasExploded()                      0x00004065   Thumb Code    16  module.o(.text)
    Bomb::failure()                          0x00004075   Thumb Code    36  module.o(.text)
    Bomb::instant()                          0x00004099   Thumb Code    14  module.o(.text)
    Bomb::drawSelectorRect(int, int)         0x000040a9   Thumb Code    88  module.o(.text)
    Bomb::drawSelector()                     0x00004101   Thumb Code   116  module.o(.text)
    Bomb::moveSelector(int)                  0x00004175   Thumb Code   282  module.o(.text)
    Bomb::setSelector(int)                   0x00004291   Thumb Code    16  module.o(.text)
    Bomb::addStrikes()                       0x000042a1   Thumb Code    36  module.o(.text)
    Bomb::getStrikes()                       0x000042c5   Thumb Code    12  module.o(.text)
    Bomb::getSelector()                      0x000042d1   Thumb Code    12  module.o(.text)
    Bomb::drawStrike(int)                    0x000042dd   Thumb Code   234  module.o(.text)
    Module::Module()                         0x000043c9   Thumb Code    48  module.o(.text)
    Module::Module__sub_object()             0x000043c9   Thumb Code    48  module.o(.text)
    Module::Module(bool)                     0x000043f9   Thumb Code    60  module.o(.text)
    Module::Module__sub_object(bool)         0x000043f9   Thumb Code    60  module.o(.text)
    Module::Draw(int)                        0x00004435   Thumb Code    20  module.o(.text)
    Module::drawModule(int)                  0x00004449   Thumb Code   308  module.o(.text)
    Module::selectModule()                   0x0000457d   Thumb Code    42  module.o(.text)
    Module::deselectModule()                 0x000045a9   Thumb Code    32  module.o(.text)
    Module::drawEmptyModule(int)             0x000045c9   Thumb Code   122  module.o(.text)
    Module::drawSolved(int)                  0x00004645   Thumb Code   202  module.o(.text)
    Module::outTime(char*)                   0x00004711   Thumb Code    10  module.o(.text)
    Timer::Timer(int)                        0x0000471d   Thumb Code    44  module.o(.text)
    Timer::Timer__sub_object(int)            0x0000471d   Thumb Code    44  module.o(.text)
    Timer::DrawTimerRect(int, int)           0x00004749   Thumb Code    62  module.o(.text)
    Timer::Draw(int)                         0x00004789   Thumb Code   174  module.o(.text)
    Timer::outTime(char*)                    0x00004839   Thumb Code    84  module.o(.text)
    Timer::getloc()                          0x0000488d   Thumb Code    12  module.o(.text)
    Wires::Wires(int)                        0x00004899   Thumb Code   150  module.o(.text)
    Wires::Wires__sub_object(int)            0x00004899   Thumb Code   150  module.o(.text)
    Wires::determineAnswer()                 0x00004931   Thumb Code   636  module.o(.text)
    Wires::Draw(int)                         0x00004bad   Thumb Code   616  module.o(.text)
    Wires::drawCutWire()                     0x00004e15   Thumb Code   130  module.o(.text)
    Wires::drawWSelector()                   0x00004e99   Thumb Code   236  module.o(.text)
    Wires::indexOf(int)                      0x00004f85   Thumb Code    78  module.o(.text)
    Wires::lastIndexOf(int)                  0x00004fd5   Thumb Code    76  module.o(.text)
    Wires::moveSelector(int)                 0x00005021   Thumb Code   248  module.o(.text)
    Wires::getSelector()                     0x00005119   Thumb Code    12  module.o(.text)
    Wires::setSelector(int)                  0x00005125   Thumb Code    16  module.o(.text)
    Wires::check(int)                        0x00005135   Thumb Code    50  module.o(.text)
    Wires::cut()                             0x00005169   Thumb Code   146  module.o(.text)
    Button::Button(int)                      0x000051fd   Thumb Code   116  module.o(.text)
    Button::Button__sub_object(int)          0x000051fd   Thumb Code   116  module.o(.text)
    Button::Draw(int)                        0x00005271   Thumb Code   176  module.o(.text)
    Button::getLocation()                    0x00005321   Thumb Code    12  module.o(.text)
    Button::determineAnswer()                0x0000532d   Thumb Code   206  module.o(.text)
    MorseCode::MorseCode(int)                0x000053fd   Thumb Code   116  module.o(.text)
    MorseCode::MorseCode__sub_object(int)    0x000053fd   Thumb Code   116  module.o(.text)
    MorseCode::Draw(int)                     0x00005471   Thumb Code   134  module.o(.text)
    MorseCode::outFreq()                     0x000054f9   Thumb Code   108  module.o(.text)
    MorseCode::flashLED()                    0x00005565   Thumb Code   112  module.o(.text)
    MorseCode::dot()                         0x000055d5   Thumb Code    54  module.o(.text)
    MorseCode::dash()                        0x0000560d   Thumb Code    54  module.o(.text)
    MorseCode::space()                       0x00005645   Thumb Code    18  module.o(.text)
    MorseCode::getMW()                       0x00005659   Thumb Code    12  module.o(.text)
    MorseCode::setFreq(int)                  0x00005665   Thumb Code    16  module.o(.text)
    MorseCode::check()                       0x00005675   Thumb Code   120  module.o(.text)
    Math::Math(int)                          0x000060a9   Thumb Code   226  module.o(.text)
    Math::Math__sub_object(int)              0x000060a9   Thumb Code   226  module.o(.text)
    Math::determineAnswer()                  0x0000618d   Thumb Code   794  module.o(.text)
    Math::Draw(int)                          0x000064a9   Thumb Code   648  module.o(.text)
    Math::drawMSelector()                    0x00006731   Thumb Code   162  module.o(.text)
    Math::moveSelector(int)                  0x000067d5   Thumb Code    94  module.o(.text)
    Math::check(int)                         0x00006835   Thumb Code    50  module.o(.text)
    Math::select()                           0x00006869   Thumb Code    94  module.o(.text)
    Key_Init()                               0x000068c9   Thumb Code   134  module.o(.text)
    Key_In()                                 0x00006951   Thumb Code    32  module.o(.text)
    Key_InF()                                0x00006971   Thumb Code    32  module.o(.text)
    __use_two_region_memory                  0x00006a15   Thumb Code     2  heapauxi.o(.text)
    __rt_heap_escrow                         0x00006a17   Thumb Code     2  heapauxi.o(.text)
    __rt_heap_expand                         0x00006a19   Thumb Code     2  heapauxi.o(.text)
    __cpp_initialize__aeabi_                 0x00006a1d   Thumb Code    28  init_aeabi.o(.text)
    malloc                                   0x00006a41   Thumb Code    94  h1_alloc.o(.text)
    free                                     0x00006a9f   Thumb Code    78  h1_free.o(.text)
    __aeabi_memclr4                          0x00006aed   Thumb Code     0  rt_memclr_w.o(.text)
    __aeabi_memclr8                          0x00006aed   Thumb Code     0  rt_memclr_w.o(.text)
    __rt_memclr_w                            0x00006aed   Thumb Code     0  rt_memclr_w.o(.text)
    _memset_w                                0x00006af1   Thumb Code    74  rt_memclr_w.o(.text)
    strcmp                                   0x00006b41   Thumb Code   124  strcmpv7em.o(.text)
    _sys_exit                                0x00006bbd   Thumb Code     8  sys_exit.o(.text)
    __rt_heap_descriptor                     0x00006bc9   Thumb Code     8  rt_heap_descriptor_intlibspace.o(.text)
    __use_no_heap                            0x00006bd1   Thumb Code     2  hguard.o(.text)
    __heap$guard                             0x00006bd3   Thumb Code     2  hguard.o(.text)
    _terminate_user_alloc                    0x00006bd5   Thumb Code     2  init_alloc.o(.text)
    _init_user_alloc                         0x00006bd7   Thumb Code     2  init_alloc.o(.text)
    __Heap_Full                              0x00006bd9   Thumb Code    34  init_alloc.o(.text)
    __Heap_Broken                            0x00006bfb   Thumb Code     6  init_alloc.o(.text)
    _init_alloc                              0x00006c01   Thumb Code    94  init_alloc.o(.text)
    __Heap_Initialize                        0x00006c5f   Thumb Code    10  h1_init.o(.text)
    __Heap_DescSize                          0x00006c69   Thumb Code     4  h1_init.o(.text)
    __user_libspace                          0x00006c6d   Thumb Code     8  libspace.o(.text)
    __user_perproc_libspace                  0x00006c6d   Thumb Code     0  libspace.o(.text)
    __user_perthread_libspace                0x00006c6d   Thumb Code     0  libspace.o(.text)
    __I$use$semihosting                      0x00006c75   Thumb Code     0  use_no_semi.o(.text)
    __use_no_semihosting_swi                 0x00006c75   Thumb Code     2  use_no_semi.o(.text)
    __semihosting_library_function           0x00006c77   Thumb Code     0  indicate_semi.o(.text)
    __user_setup_stackheap                   0x00006c77   Thumb Code    74  sys_stackheap_outer.o(.text)
    __Heap_ProvideMemory                     0x00006cc1   Thumb Code    52  h1_extend.o(.text)
    _maybe_terminate_alloc                   0x00006cc1   Thumb Code     0  maybetermalloc1.o(.text)
    exit                                     0x00006cf5   Thumb Code    18  exit.o(.text)
    __sig_exit                               0x00006d07   Thumb Code    10  defsig_exit.o(.text)
    __rt_SIGRTMEM                            0x00006d11   Thumb Code    14  defsig_rtmem_outer.o(.text)
    __default_signal_display                 0x00006d1f   Thumb Code    50  defsig_general.o(.text)
    __rt_SIGRTMEM_inner                      0x00006d51   Thumb Code    22  defsig_rtmem_inner.o(.text)
    _ttywrch                                 0x00006da1   Thumb Code    14  sys_wrch.o(.text)
    __cxxabiv1::__enum_type_info::~__enum_type_info() 0x00006daf   Thumb Code     4  private_typeinfo.cpp.o(.text._ZN10__cxxabiv116__shim_type_infoD2Ev)
    __cxxabiv1::__enum_type_info::~__enum_type_info__sub_object() 0x00006daf   Thumb Code     4  private_typeinfo.cpp.o(.text._ZN10__cxxabiv116__shim_type_infoD2Ev)
    __cxxabiv1::__shim_type_info::~__shim_type_info() 0x00006daf   Thumb Code     4  private_typeinfo.cpp.o(.text._ZN10__cxxabiv116__shim_type_infoD2Ev)
    __cxxabiv1::__shim_type_info::~__shim_type_info__sub_object() 0x00006daf   Thumb Code     4  private_typeinfo.cpp.o(.text._ZN10__cxxabiv116__shim_type_infoD2Ev)
    __cxxabiv1::__array_type_info::~__array_type_info() 0x00006daf   Thumb Code     4  private_typeinfo.cpp.o(.text._ZN10__cxxabiv116__shim_type_infoD2Ev)
    __cxxabiv1::__array_type_info::~__array_type_info__sub_object() 0x00006daf   Thumb Code     4  private_typeinfo.cpp.o(.text._ZN10__cxxabiv116__shim_type_infoD2Ev)
    __cxxabiv1::__class_type_info::~__class_type_info() 0x00006daf   Thumb Code     4  private_typeinfo.cpp.o(.text._ZN10__cxxabiv116__shim_type_infoD2Ev)
    __cxxabiv1::__class_type_info::~__class_type_info__sub_object() 0x00006daf   Thumb Code     4  private_typeinfo.cpp.o(.text._ZN10__cxxabiv116__shim_type_infoD2Ev)
    __cxxabiv1::__pbase_type_info::~__pbase_type_info() 0x00006daf   Thumb Code     4  private_typeinfo.cpp.o(.text._ZN10__cxxabiv116__shim_type_infoD2Ev)
    __cxxabiv1::__pbase_type_info::~__pbase_type_info__sub_object() 0x00006daf   Thumb Code     4  private_typeinfo.cpp.o(.text._ZN10__cxxabiv116__shim_type_infoD2Ev)
    __cxxabiv1::__pointer_type_info::~__pointer_type_info() 0x00006daf   Thumb Code     4  private_typeinfo.cpp.o(.text._ZN10__cxxabiv116__shim_type_infoD2Ev)
    __cxxabiv1::__pointer_type_info::~__pointer_type_info__sub_object() 0x00006daf   Thumb Code     4  private_typeinfo.cpp.o(.text._ZN10__cxxabiv116__shim_type_infoD2Ev)
    __cxxabiv1::__function_type_info::~__function_type_info() 0x00006daf   Thumb Code     4  private_typeinfo.cpp.o(.text._ZN10__cxxabiv116__shim_type_infoD2Ev)
    __cxxabiv1::__function_type_info::~__function_type_info__sub_object() 0x00006daf   Thumb Code     4  private_typeinfo.cpp.o(.text._ZN10__cxxabiv116__shim_type_infoD2Ev)
    __cxxabiv1::__si_class_type_info::~__si_class_type_info() 0x00006daf   Thumb Code     4  private_typeinfo.cpp.o(.text._ZN10__cxxabiv116__shim_type_infoD2Ev)
    __cxxabiv1::__si_class_type_info::~__si_class_type_info__sub_object() 0x00006daf   Thumb Code     4  private_typeinfo.cpp.o(.text._ZN10__cxxabiv116__shim_type_infoD2Ev)
    __cxxabiv1::__vmi_class_type_info::~__vmi_class_type_info() 0x00006daf   Thumb Code     4  private_typeinfo.cpp.o(.text._ZN10__cxxabiv116__shim_type_infoD2Ev)
    __cxxabiv1::__vmi_class_type_info::~__vmi_class_type_info__sub_object() 0x00006daf   Thumb Code     4  private_typeinfo.cpp.o(.text._ZN10__cxxabiv116__shim_type_infoD2Ev)
    __cxxabiv1::__fundamental_type_info::~__fundamental_type_info() 0x00006daf   Thumb Code     4  private_typeinfo.cpp.o(.text._ZN10__cxxabiv116__shim_type_infoD2Ev)
    __cxxabiv1::__fundamental_type_info::~__fundamental_type_info__sub_object() 0x00006daf   Thumb Code     4  private_typeinfo.cpp.o(.text._ZN10__cxxabiv116__shim_type_infoD2Ev)
    __cxxabiv1::__pointer_to_member_type_info::~__pointer_to_member_type_info() 0x00006daf   Thumb Code     4  private_typeinfo.cpp.o(.text._ZN10__cxxabiv116__shim_type_infoD2Ev)
    __cxxabiv1::__pointer_to_member_type_info::~__pointer_to_member_type_info__sub_object() 0x00006daf   Thumb Code     4  private_typeinfo.cpp.o(.text._ZN10__cxxabiv116__shim_type_infoD2Ev)
    __cxxabiv1::__class_type_info::~__class_type_info__deallocating() 0x00006db3   Thumb Code    16  private_typeinfo.cpp.o(.text._ZN10__cxxabiv117__class_type_infoD0Ev)
    __cxxabiv1::__si_class_type_info::~__si_class_type_info__deallocating() 0x00006dc3   Thumb Code    16  private_typeinfo.cpp.o(.text._ZN10__cxxabiv120__si_class_type_infoD0Ev)
    __cxxabiv1::__vmi_class_type_info::~__vmi_class_type_info__deallocating() 0x00006dd3   Thumb Code    16  private_typeinfo.cpp.o(.text._ZN10__cxxabiv121__vmi_class_type_infoD0Ev)
    __cxxabiv1::__shim_type_info::noop1() const 0x00006de3   Thumb Code     2  private_typeinfo.cpp.o(.text._ZNK10__cxxabiv116__shim_type_info5noop1Ev)
    __cxxabiv1::__shim_type_info::noop2() const 0x00006de5   Thumb Code     2  private_typeinfo.cpp.o(.text._ZNK10__cxxabiv116__shim_type_info5noop2Ev)
    __cxxabiv1::__class_type_info::search_above_dst(__cxxabiv1::__dynamic_cast_info*, void const*, void const*, int, bool) const 0x00006de7   Thumb Code    62  private_typeinfo.cpp.o(.text._ZNK10__cxxabiv117__class_type_info16search_above_dstEPNS_19__dynamic_cast_infoEPKvS4_ib)
    __cxxabiv1::__class_type_info::search_below_dst(__cxxabiv1::__dynamic_cast_info*, void const*, int, bool) const 0x00006e25   Thumb Code   160  private_typeinfo.cpp.o(.text._ZNK10__cxxabiv117__class_type_info16search_below_dstEPNS_19__dynamic_cast_infoEPKvib)
    __cxxabiv1::__class_type_info::has_unambiguous_public_base(__cxxabiv1::__dynamic_cast_info*, void*, int) const 0x00006ec5   Thumb Code    68  private_typeinfo.cpp.o(.text._ZNK10__cxxabiv117__class_type_info27has_unambiguous_public_baseEPNS_19__dynamic_cast_infoEPvi)
    __cxxabiv1::__class_type_info::process_static_type_above_dst(__cxxabiv1::__dynamic_cast_info*, void const*, void const*, int) const 0x00006f09   Thumb Code    98  private_typeinfo.cpp.o(.text._ZNK10__cxxabiv117__class_type_info29process_static_type_above_dstEPNS_19__dynamic_cast_infoEPKvS4_i)
    __cxxabiv1::__class_type_info::can_catch(__cxxabiv1::__shim_type_info const*, void*&) const 0x00006f6b   Thumb Code   114  private_typeinfo.cpp.o(.text._ZNK10__cxxabiv117__class_type_info9can_catchEPKNS_16__shim_type_infoERPv)
    __cxxabiv1::__si_class_type_info::search_above_dst(__cxxabiv1::__dynamic_cast_info*, void const*, void const*, int, bool) const 0x00006fdd   Thumb Code    86  private_typeinfo.cpp.o(.text._ZNK10__cxxabiv120__si_class_type_info16search_above_dstEPNS_19__dynamic_cast_infoEPKvS4_ib)
    __cxxabiv1::__si_class_type_info::search_below_dst(__cxxabiv1::__dynamic_cast_info*, void const*, int, bool) const 0x00007033   Thumb Code   226  private_typeinfo.cpp.o(.text._ZNK10__cxxabiv120__si_class_type_info16search_below_dstEPNS_19__dynamic_cast_infoEPKvib)
    __cxxabiv1::__si_class_type_info::has_unambiguous_public_base(__cxxabiv1::__dynamic_cast_info*, void*, int) const 0x00007115   Thumb Code    82  private_typeinfo.cpp.o(.text._ZNK10__cxxabiv120__si_class_type_info27has_unambiguous_public_baseEPNS_19__dynamic_cast_infoEPvi)
    __cxxabiv1::__vmi_class_type_info::search_above_dst(__cxxabiv1::__dynamic_cast_info*, void const*, void const*, int, bool) const 0x00007169   Thumb Code   300  private_typeinfo.cpp.o(.text._ZNK10__cxxabiv121__vmi_class_type_info16search_above_dstEPNS_19__dynamic_cast_infoEPKvS4_ib)
    __cxxabiv1::__vmi_class_type_info::search_below_dst(__cxxabiv1::__dynamic_cast_info*, void const*, int, bool) const 0x00007295   Thumb Code   614  private_typeinfo.cpp.o(.text._ZNK10__cxxabiv121__vmi_class_type_info16search_below_dstEPNS_19__dynamic_cast_infoEPKvib)
    __cxxabiv1::__vmi_class_type_info::has_unambiguous_public_base(__cxxabiv1::__dynamic_cast_info*, void*, int) const 0x000074fd   Thumb Code   144  private_typeinfo.cpp.o(.text._ZNK10__cxxabiv121__vmi_class_type_info27has_unambiguous_public_baseEPNS_19__dynamic_cast_infoEPvi)
    __cxxabiv1::__base_class_type_info::has_unambiguous_public_base(__cxxabiv1::__dynamic_cast_info*, void*, int) const 0x0000758d   Thumb Code    54  private_typeinfo.cpp.o(.text._ZNK10__cxxabiv122__base_class_type_info27has_unambiguous_public_baseEPNS_19__dynamic_cast_infoEPvi)
    std::type_info::~type_info()             0x000075c3   Thumb Code     2  stdlib_typeinfo.cpp.o(.text._ZNSt9type_infoD2Ev)
    std::type_info::~type_info__sub_object() 0x000075c3   Thumb Code     2  stdlib_typeinfo.cpp.o(.text._ZNSt9type_infoD2Ev)
    std::get_new_handler()                   0x000075c5   Thumb Code    12  cxa_handlers.cpp.o(.text._ZSt15get_new_handlerv)
    operator delete(void*)                   0x000075d1   Thumb Code     4  new.cpp.o(.text._ZdlPv)
    operator delete(void*, unsigned int)     0x000075d5   Thumb Code     4  new.cpp.o(.text._ZdlPvj)
    operator new[](unsigned int)             0x000075d9   Thumb Code     4  new.cpp.o(.text._Znaj)
    operator new(unsigned int)               0x000075dd   Thumb Code    38  new.cpp.o(.text._Znwj)
    __dynamic_cast                           0x00007605   Thumb Code   170  private_typeinfo.cpp.o(.text.__dynamic_cast)
    __aeabi_fadd                             0x000076b1   Thumb Code     0  faddsub_clz.o(x$fpl$fadd)
    _fadd                                    0x000076b1   Thumb Code   196  faddsub_clz.o(x$fpl$fadd)
    __aeabi_fmul                             0x00007775   Thumb Code     0  fmul.o(x$fpl$fmul)
    _fmul                                    0x00007775   Thumb Code   258  fmul.o(x$fpl$fmul)
    __fpl_fnaninf                            0x00007877   Thumb Code   140  fnaninf.o(x$fpl$fnaninf)
    __fpl_fretinf                            0x00007903   Thumb Code    10  fretinf.o(x$fpl$fretinf)
    __aeabi_fsub                             0x0000790d   Thumb Code     0  faddsub_clz.o(x$fpl$fsub)
    _fsub                                    0x0000790d   Thumb Code   234  faddsub_clz.o(x$fpl$fsub)
    __I$use$fp                               0x000079f6   Number         0  usenofp.o(x$fpl$usenofp)
    typeinfo for Bomb                        0x000226d0   Data           8  module.o(.rodata._ZTI4Bomb)
    typeinfo for Math                        0x000226d8   Data          12  module.o(.rodata._ZTI4Math)
    typeinfo for Timer                       0x000226e4   Data          12  module.o(.rodata._ZTI5Timer)
    typeinfo for Wires                       0x000226f0   Data          12  module.o(.rodata._ZTI5Wires)
    typeinfo for Button                      0x000226fc   Data          12  module.o(.rodata._ZTI6Button)
    typeinfo for Module                      0x00022708   Data          24  module.o(.rodata._ZTI6Module)
    typeinfo for MorseCode                   0x00022720   Data          12  module.o(.rodata._ZTI9MorseCode)
    typeinfo for __cxxabiv1::__shim_type_info 0x0002272c   Data          12  private_typeinfo.cpp.o(.rodata._ZTIN10__cxxabiv116__shim_type_infoE)
    typeinfo for __cxxabiv1::__class_type_info 0x00022738   Data          12  private_typeinfo.cpp.o(.rodata._ZTIN10__cxxabiv117__class_type_infoE)
    typeinfo for __cxxabiv1::__si_class_type_info 0x00022744   Data          12  private_typeinfo.cpp.o(.rodata._ZTIN10__cxxabiv120__si_class_type_infoE)
    typeinfo for __cxxabiv1::__vmi_class_type_info 0x00022750   Data          12  private_typeinfo.cpp.o(.rodata._ZTIN10__cxxabiv121__vmi_class_type_infoE)
    typeinfo for std::type_info              0x0002275c   Data           8  stdlib_typeinfo.cpp.o(.rodata._ZTISt9type_info)
    typeinfo name for Bomb                   0x00022764   Data           6  module.o(.rodata._ZTS4Bomb)
    typeinfo name for Math                   0x0002276a   Data           6  module.o(.rodata._ZTS4Math)
    typeinfo name for Timer                  0x00022770   Data           7  module.o(.rodata._ZTS5Timer)
    typeinfo name for Wires                  0x00022777   Data           7  module.o(.rodata._ZTS5Wires)
    typeinfo name for Button                 0x0002277e   Data           8  module.o(.rodata._ZTS6Button)
    typeinfo name for Module                 0x00022786   Data           8  module.o(.rodata._ZTS6Module)
    typeinfo name for MorseCode              0x0002278e   Data          11  module.o(.rodata._ZTS9MorseCode)
    typeinfo name for __cxxabiv1::__shim_type_info 0x00022799   Data          33  private_typeinfo.cpp.o(.rodata._ZTSN10__cxxabiv116__shim_type_infoE)
    typeinfo name for __cxxabiv1::__class_type_info 0x000227ba   Data          34  private_typeinfo.cpp.o(.rodata._ZTSN10__cxxabiv117__class_type_infoE)
    typeinfo name for __cxxabiv1::__si_class_type_info 0x000227dc   Data          37  private_typeinfo.cpp.o(.rodata._ZTSN10__cxxabiv120__si_class_type_infoE)
    typeinfo name for __cxxabiv1::__vmi_class_type_info 0x00022801   Data          38  private_typeinfo.cpp.o(.rodata._ZTSN10__cxxabiv121__vmi_class_type_infoE)
    typeinfo name for std::type_info         0x00022827   Data          13  stdlib_typeinfo.cpp.o(.rodata._ZTSSt9type_info)
    vtable for Math                          0x00022834   Data          16  module.o(.rodata._ZTV4Math)
    vtable for Timer                         0x00022844   Data          16  module.o(.rodata._ZTV5Timer)
    vtable for Wires                         0x00022854   Data          16  module.o(.rodata._ZTV5Wires)
    vtable for Button                        0x00022864   Data          16  module.o(.rodata._ZTV6Button)
    vtable for Module                        0x00022874   Data          16  module.o(.rodata._ZTV6Module)
    vtable for MorseCode                     0x00022884   Data          16  module.o(.rodata._ZTV9MorseCode)
    vtable for __cxxabiv1::__class_type_info 0x00022894   Data          40  private_typeinfo.cpp.o(.rodata._ZTVN10__cxxabiv117__class_type_infoE)
    vtable for __cxxabiv1::__si_class_type_info 0x000228bc   Data          40  private_typeinfo.cpp.o(.rodata._ZTVN10__cxxabiv120__si_class_type_infoE)
    vtable for __cxxabiv1::__vmi_class_type_info 0x000228e4   Data          40  private_typeinfo.cpp.o(.rodata._ZTVN10__cxxabiv121__vmi_class_type_infoE)
    Region$$Table$$Base                      0x00022aa8   Number         0  anon$$obj.o(Region$$Table)
    Region$$Table$$Limit                     0x00022ac8   Number         0  anon$$obj.o(Region$$Table)
    SHT$$INIT_ARRAY$$Base                    0x00022ac8   Number         0  main.o(.init_array)
    SHT$$INIT_ARRAY$$Limit                   0x00022ad8   Number         0  init_aeabi.o(.init_array)
    ADCint                                   0x20000000   Data           4  main.o(.data.ADCint)
    StTextColor                              0x20000004   Data           2  st7735.o(.data.StTextColor)
    buttons                                  0x2000000c   Data          80  module.o(.data.buttons)
    math_images                              0x2000005c   Data         116  module.o(.data.math_images)
    morse                                    0x200000d0   Data          40  module.o(.data.morse)
    presses                                  0x200000f8   Data          12  timer1.o(.data.presses)
    selectormoved                            0x20000104   Data           1  main.o(.data.selectormoved)
    setUp                                    0x20000108   Data          48  main.o(.data.setUp)
    words                                    0x20000138   Data          40  module.o(.data.words)
    __libspace_start                         0x20000160   Data          96  libspace.o(.bss)
    ADCFlag                                  0x200001c0   Data           1  main.o(.bss.ADCFlag)
    __temporary_stack_top$libspace           0x200001c0   Data           0  libspace.o(.bss)
    ADCinterval                              0x200001c4   Data          88  main.o(.bss.ADCinterval)
    Length                                   0x2000021c   Data           4  sound.o(.bss.Length)
    Message                                  0x20000220   Data          12  st7735.o(.bss.Message)
    Messageindex                             0x2000022c   Data           4  st7735.o(.bss.Messageindex)
    PeriodicTask0                            0x20000230   Data           4  timer0.o(.bss.PeriodicTask0)
    PeriodicTask1                            0x20000234   Data           4  timer1.o(.bss.PeriodicTask1)
    PeriodicTask3                            0x20000238   Data           4  main.o(.bss.PeriodicTask3)
    RxFifo                                   0x2000023c   Data          40  uart.o(.bss.RxFifo)
    SoundPt                                  0x20000264   Data           4  sound.o(.bss.SoundPt)
    StX                                      0x20000268   Data           4  st7735.o(.bss.StX)
    StY                                      0x2000026c   Data           4  st7735.o(.bss.StY)
    X                                        0x20000270   Data           4  st7735.o(.bss.X)
    Ymax                                     0x20000274   Data           4  st7735.o(.bss.Ymax)
    Ymin                                     0x20000278   Data           4  st7735.o(.bss.Ymin)
    Yrange                                   0x2000027c   Data           4  st7735.o(.bss.Yrange)
    __cxa_new_handler                        0x20000288   Data           4  cxa_default_handlers.cpp.o(.bss.__cxa_new_handler)
    answer                                   0x2000028c   Data           4  timer1.o(.bss.answer)
    b                                        0x20000290   Data          44  main.o(.bss.b)
    b1                                       0x200002bc   Data           4  main.o(.bss.b1)
    b2                                       0x200002c0   Data           4  main.o(.bss.b2)
    img1                                     0x200002c4   Data          12  module.o(.bss.img1)
    img10                                    0x200002d0   Data          12  module.o(.bss.img10)
    img11                                    0x200002dc   Data          12  module.o(.bss.img11)
    img12                                    0x200002e8   Data          12  module.o(.bss.img12)
    img13                                    0x200002f4   Data          12  module.o(.bss.img13)
    img14                                    0x20000300   Data          12  module.o(.bss.img14)
    img15                                    0x2000030c   Data          12  module.o(.bss.img15)
    img16                                    0x20000318   Data          12  module.o(.bss.img16)
    img17                                    0x20000324   Data          12  module.o(.bss.img17)
    img18                                    0x20000330   Data          12  module.o(.bss.img18)
    img19                                    0x2000033c   Data          12  module.o(.bss.img19)
    img2                                     0x20000348   Data          12  module.o(.bss.img2)
    img20                                    0x20000354   Data          12  module.o(.bss.img20)
    img21                                    0x20000360   Data          12  module.o(.bss.img21)
    img22                                    0x2000036c   Data          12  module.o(.bss.img22)
    img23                                    0x20000378   Data          12  module.o(.bss.img23)
    img24                                    0x20000384   Data          12  module.o(.bss.img24)
    img25                                    0x20000390   Data          12  module.o(.bss.img25)
    img26                                    0x2000039c   Data          12  module.o(.bss.img26)
    img27                                    0x200003a8   Data          12  module.o(.bss.img27)
    img28                                    0x200003b4   Data          12  module.o(.bss.img28)
    img3                                     0x200003c0   Data          12  module.o(.bss.img3)
    img4                                     0x200003cc   Data          12  module.o(.bss.img4)
    img5                                     0x200003d8   Data          12  module.o(.bss.img5)
    img6                                     0x200003e4   Data          12  module.o(.bss.img6)
    img7                                     0x200003f0   Data          12  module.o(.bss.img7)
    img8                                     0x200003fc   Data          12  module.o(.bss.img8)
    img9                                     0x20000408   Data          12  module.o(.bss.img9)
    imgarray                                 0x20000414   Data         348  module.o(.bss.imgarray)
    imgdigits                                0x20000570   Data         132  module.o(.bss.imgdigits)
    imgops                                   0x200005f4   Data          48  module.o(.bss.imgops)
    imgposs                                  0x20000624   Data         288  module.o(.bss.imgposs)
    language                                 0x20000744   Data           4  main.o(.bss.language)
    lastj                                    0x20000748   Data           4  st7735.o(.bss.lastj)
    m1                                       0x2000074c   Data           4  main.o(.bss.m1)
    m2                                       0x20000750   Data           4  main.o(.bss.m2)
    mc1                                      0x20000754   Data           4  main.o(.bss.mc1)
    mc2                                      0x20000758   Data           4  main.o(.bss.mc2)
    modules                                  0x2000075c   Data          48  main.o(.bss.modules)
    my                                       0x2000078c   Data          20  main.o(.bss.my)
    num_MorseCode                            0x200007a0   Data           4  main.o(.bss.num_MorseCode)
    num_button                               0x200007a4   Data           4  main.o(.bss.num_button)
    num_math                                 0x200007a8   Data           4  main.o(.bss.num_math)
    num_wires                                0x200007ac   Data           4  main.o(.bss.num_wires)
    onetime                                  0x200007b0   Data           1  timer1.o(.bss.onetime)
    pressed                                  0x200007b4   Data           4  timer1.o(.bss.pressed)
    prev_sel                                 0x200007b8   Data           4  timer1.o(.bss.prev_sel)
    screen                                   0x200007bc   Data           4  main.o(.bss.screen)
    selectorclicked                          0x200007c0   Data           1  main.o(.bss.selectorclicked)
    t                                        0x200007c4   Data           4  main.o(.bss.t)
    tentime                                  0x200007c8   Data           1  timer1.o(.bss.tentime)
    timer_location                           0x200007cc   Data           4  main.o(.bss.timer_location)
    w1                                       0x200007d0   Data           4  main.o(.bss.w1)
    w2                                       0x200007d4   Data           4  main.o(.bss.w2)
    waited                                   0x200007d8   Data           4  timer1.o(.bss.waited)



==============================================================================

Memory Map of the image

  Image Entry point : 0x0000026d

  Load Region LR_IROM1 (Base: 0x00000000, Size: 0x00022c38, Max: 0x00040000, ABSOLUTE)

    Execution Region ER_IROM1 (Exec base: 0x00000000, Load base: 0x00000000, Size: 0x00022ad8, Max: 0x00040000, ABSOLUTE)

    Exec Addr    Load Addr    Size         Type   Attr      Idx    E Section Name        Object

    0x00000000   0x00000000   0x0000026c   Data   RO            3    RESET               startup_tm4c123.o
    0x0000026c   0x0000026c   0x00000008   Code   RO          318  * !!!main             c_w.l(__main.o)
    0x00000274   0x00000274   0x00000034   Code   RO         1042    !!!scatter          c_w.l(__scatter.o)
    0x000002a8   0x000002a8   0x0000001a   Code   RO         1044    !!handler_copy      c_w.l(__scatter_copy.o)
    0x000002c2   0x000002c2   0x00000002   PAD
    0x000002c4   0x000002c4   0x0000001c   Code   RO         1046    !!handler_zi        c_w.l(__scatter_zi.o)
    0x000002e0   0x000002e0   0x00000002   Code   RO          979    .ARM.Collect$$libinit$$00000000  c_w.l(libinit.o)
    0x000002e2   0x000002e2   0x00000000   Code   RO          720    .ARM.Collect$$libinit$$00000002  c_w.l(libinit2.o)
    0x000002e2   0x000002e2   0x00000000   Code   RO          722    .ARM.Collect$$libinit$$00000004  c_w.l(libinit2.o)
    0x000002e2   0x000002e2   0x00000000   Code   RO          724    .ARM.Collect$$libinit$$00000006  c_w.l(libinit2.o)
    0x000002e2   0x000002e2   0x00000008   Code   RO          725    .ARM.Collect$$libinit$$00000007  c_w.l(libinit2.o)
    0x000002ea   0x000002ea   0x00000000   Code   RO          727    .ARM.Collect$$libinit$$0000000C  c_w.l(libinit2.o)
    0x000002ea   0x000002ea   0x00000000   Code   RO          729    .ARM.Collect$$libinit$$0000000E  c_w.l(libinit2.o)
    0x000002ea   0x000002ea   0x00000000   Code   RO          731    .ARM.Collect$$libinit$$00000010  c_w.l(libinit2.o)
    0x000002ea   0x000002ea   0x00000000   Code   RO          734    .ARM.Collect$$libinit$$00000013  c_w.l(libinit2.o)
    0x000002ea   0x000002ea   0x00000000   Code   RO          736    .ARM.Collect$$libinit$$00000015  c_w.l(libinit2.o)
    0x000002ea   0x000002ea   0x00000000   Code   RO          738    .ARM.Collect$$libinit$$00000017  c_w.l(libinit2.o)
    0x000002ea   0x000002ea   0x00000000   Code   RO          740    .ARM.Collect$$libinit$$00000019  c_w.l(libinit2.o)
    0x000002ea   0x000002ea   0x00000000   Code   RO          742    .ARM.Collect$$libinit$$0000001B  c_w.l(libinit2.o)
    0x000002ea   0x000002ea   0x00000000   Code   RO          744    .ARM.Collect$$libinit$$0000001D  c_w.l(libinit2.o)
    0x000002ea   0x000002ea   0x00000000   Code   RO          746    .ARM.Collect$$libinit$$0000001F  c_w.l(libinit2.o)
    0x000002ea   0x000002ea   0x00000000   Code   RO          748    .ARM.Collect$$libinit$$00000021  c_w.l(libinit2.o)
    0x000002ea   0x000002ea   0x00000000   Code   RO          750    .ARM.Collect$$libinit$$00000023  c_w.l(libinit2.o)
    0x000002ea   0x000002ea   0x00000000   Code   RO          752    .ARM.Collect$$libinit$$00000025  c_w.l(libinit2.o)
    0x000002ea   0x000002ea   0x00000000   Code   RO          754    .ARM.Collect$$libinit$$00000027  c_w.l(libinit2.o)
    0x000002ea   0x000002ea   0x00000000   Code   RO          758    .ARM.Collect$$libinit$$0000002E  c_w.l(libinit2.o)
    0x000002ea   0x000002ea   0x00000000   Code   RO          760    .ARM.Collect$$libinit$$00000030  c_w.l(libinit2.o)
    0x000002ea   0x000002ea   0x00000000   Code   RO          762    .ARM.Collect$$libinit$$00000032  c_w.l(libinit2.o)
    0x000002ea   0x000002ea   0x00000004   Code   RO          763    .ARM.Collect$$libinit$$00000033  c_w.l(libinit2.o)
    0x000002ee   0x000002ee   0x00000000   Code   RO          764    .ARM.Collect$$libinit$$00000034  c_w.l(libinit2.o)
    0x000002ee   0x000002ee   0x00000002   Code   RO          765    .ARM.Collect$$libinit$$00000035  c_w.l(libinit2.o)
    0x000002f0   0x000002f0   0x00000002   Code   RO         1039    .ARM.Collect$$libshutdown$$00000000  c_w.l(libshutdown.o)
    0x000002f2   0x000002f2   0x00000000   Code   RO         1008    .ARM.Collect$$libshutdown$$00000002  c_w.l(libshutdown2.o)
    0x000002f2   0x000002f2   0x00000000   Code   RO         1010    .ARM.Collect$$libshutdown$$00000004  c_w.l(libshutdown2.o)
    0x000002f2   0x000002f2   0x00000000   Code   RO         1013    .ARM.Collect$$libshutdown$$00000007  c_w.l(libshutdown2.o)
    0x000002f2   0x000002f2   0x00000000   Code   RO         1016    .ARM.Collect$$libshutdown$$0000000A  c_w.l(libshutdown2.o)
    0x000002f2   0x000002f2   0x00000000   Code   RO         1018    .ARM.Collect$$libshutdown$$0000000C  c_w.l(libshutdown2.o)
    0x000002f2   0x000002f2   0x00000000   Code   RO         1021    .ARM.Collect$$libshutdown$$0000000F  c_w.l(libshutdown2.o)
    0x000002f2   0x000002f2   0x00000002   Code   RO         1022    .ARM.Collect$$libshutdown$$00000010  c_w.l(libshutdown2.o)
    0x000002f4   0x000002f4   0x00000000   Code   RO          646    .ARM.Collect$$rtentry$$00000000  c_w.l(__rtentry.o)
    0x000002f4   0x000002f4   0x00000000   Code   RO          835    .ARM.Collect$$rtentry$$00000002  c_w.l(__rtentry2.o)
    0x000002f4   0x000002f4   0x00000006   Code   RO          847    .ARM.Collect$$rtentry$$00000004  c_w.l(__rtentry4.o)
    0x000002fa   0x000002fa   0x00000000   Code   RO          837    .ARM.Collect$$rtentry$$00000009  c_w.l(__rtentry2.o)
    0x000002fa   0x000002fa   0x00000004   Code   RO          838    .ARM.Collect$$rtentry$$0000000A  c_w.l(__rtentry2.o)
    0x000002fe   0x000002fe   0x00000000   Code   RO          840    .ARM.Collect$$rtentry$$0000000C  c_w.l(__rtentry2.o)
    0x000002fe   0x000002fe   0x00000008   Code   RO          841    .ARM.Collect$$rtentry$$0000000D  c_w.l(__rtentry2.o)
    0x00000306   0x00000306   0x00000002   Code   RO          980    .ARM.Collect$$rtexit$$00000000  c_w.l(rtexit.o)
    0x00000308   0x00000308   0x00000000   Code   RO          995    .ARM.Collect$$rtexit$$00000002  c_w.l(rtexit2.o)
    0x00000308   0x00000308   0x00000004   Code   RO          996    .ARM.Collect$$rtexit$$00000003  c_w.l(rtexit2.o)
    0x0000030c   0x0000030c   0x00000006   Code   RO          997    .ARM.Collect$$rtexit$$00000004  c_w.l(rtexit2.o)
    0x00000312   0x00000312   0x00000002   PAD
    0x00000314   0x00000314   0x00000128   Code   RO            4    .text               startup_tm4c123.o
    0x0000043c   0x0000043c   0x00000a08   Code   RO           10    .text               main.o
    0x00000e44   0x00000e44   0x0000006c   Code   RO           61    .text               dac.o
    0x00000eb0   0x00000eb0   0x0000008a   Code   RO           68    .text               pll.o
    0x00000f3a   0x00000f3a   0x00000002   PAD
    0x00000f3c   0x00000f3c   0x0000005c   Code   RO           75    .text               random.o
    0x00000f98   0x00000f98   0x00001b8a   Code   RO           83    .text               st7735.o
    0x00002b22   0x00002b22   0x00000002   PAD
    0x00002b24   0x00002b24   0x000001d0   Code   RO          116    .text               slidepot.o
    0x00002cf4   0x00002cf4   0x00000180   Code   RO          123    .text               sound.o
    0x00002e74   0x00002e74   0x000000d8   Code   RO          135    .text               timer0.o
    0x00002f4c   0x00002f4c   0x00000b6c   Code   RO          145    .text               timer1.o
    0x00003ab8   0x00003ab8   0x000000b0   Code   RO          161    .text               uart.o
    0x00003b68   0x00003b68   0x00000048   Code   RO          170    .text               fifo.o
    0x00003bb0   0x00003bb0   0x0000028c   Code   RO          177    .text               texas.o
    0x00003e3c   0x00003e3c   0x00002bd8   Code   RO          184    .text               module.o
    0x00006a14   0x00006a14   0x00000006   Code   RO          316    .text               c_w.l(heapauxi.o)
    0x00006a1a   0x00006a1a   0x00000002   PAD
    0x00006a1c   0x00006a1c   0x00000024   Code   RO          323    .text               c_w.l(init_aeabi.o)
    0x00006a40   0x00006a40   0x0000005e   Code   RO          651    .text               c_w.l(h1_alloc.o)
    0x00006a9e   0x00006a9e   0x0000004e   Code   RO          653    .text               c_w.l(h1_free.o)
    0x00006aec   0x00006aec   0x0000004e   Code   RO          715    .text               c_w.l(rt_memclr_w.o)
    0x00006b3a   0x00006b3a   0x00000006   PAD
    0x00006b40   0x00006b40   0x0000007c   Code   RO          717    .text               c_w.l(strcmpv7em.o)
    0x00006bbc   0x00006bbc   0x0000000c   Code   RO          828    .text               c_w.l(sys_exit.o)
    0x00006bc8   0x00006bc8   0x00000008   Code   RO          852    .text               c_w.l(rt_heap_descriptor_intlibspace.o)
    0x00006bd0   0x00006bd0   0x00000004   Code   RO          854    .text               c_w.l(hguard.o)
    0x00006bd4   0x00006bd4   0x0000008a   Code   RO          856    .text               c_w.l(init_alloc.o)
    0x00006c5e   0x00006c5e   0x0000000e   Code   RO          860    .text               c_w.l(h1_init.o)
    0x00006c6c   0x00006c6c   0x00000008   Code   RO          939    .text               c_w.l(libspace.o)
    0x00006c74   0x00006c74   0x00000002   Code   RO          942    .text               c_w.l(use_no_semi.o)
    0x00006c76   0x00006c76   0x00000000   Code   RO          944    .text               c_w.l(indicate_semi.o)
    0x00006c76   0x00006c76   0x0000004a   Code   RO          945    .text               c_w.l(sys_stackheap_outer.o)
    0x00006cc0   0x00006cc0   0x00000000   Code   RO          951    .text               c_w.l(maybetermalloc1.o)
    0x00006cc0   0x00006cc0   0x00000034   Code   RO          953    .text               c_w.l(h1_extend.o)
    0x00006cf4   0x00006cf4   0x00000012   Code   RO          957    .text               c_w.l(exit.o)
    0x00006d06   0x00006d06   0x0000000a   Code   RO          959    .text               c_w.l(defsig_exit.o)
    0x00006d10   0x00006d10   0x0000000e   Code   RO          963    .text               c_w.l(defsig_rtmem_outer.o)
    0x00006d1e   0x00006d1e   0x00000032   Code   RO          986    .text               c_w.l(defsig_general.o)
    0x00006d50   0x00006d50   0x00000050   Code   RO          988    .text               c_w.l(defsig_rtmem_inner.o)
    0x00006da0   0x00006da0   0x0000000e   Code   RO          990    .text               c_w.l(sys_wrch.o)
    0x00006dae   0x00006dae   0x00000004   Code   RO          380    .text._ZN10__cxxabiv116__shim_type_infoD2Ev  libcppabi_w.l(private_typeinfo.cpp.o)
    0x00006db2   0x00006db2   0x00000010   Code   RO          396    .text._ZN10__cxxabiv117__class_type_infoD0Ev  libcppabi_w.l(private_typeinfo.cpp.o)
    0x00006dc2   0x00006dc2   0x00000010   Code   RO          398    .text._ZN10__cxxabiv120__si_class_type_infoD0Ev  libcppabi_w.l(private_typeinfo.cpp.o)
    0x00006dd2   0x00006dd2   0x00000010   Code   RO          400    .text._ZN10__cxxabiv121__vmi_class_type_infoD0Ev  libcppabi_w.l(private_typeinfo.cpp.o)
    0x00006de2   0x00006de2   0x00000002   Code   RO          384    .text._ZNK10__cxxabiv116__shim_type_info5noop1Ev  libcppabi_w.l(private_typeinfo.cpp.o)
    0x00006de4   0x00006de4   0x00000002   Code   RO          386    .text._ZNK10__cxxabiv116__shim_type_info5noop2Ev  libcppabi_w.l(private_typeinfo.cpp.o)
    0x00006de6   0x00006de6   0x0000003e   Code   RO          458    .text._ZNK10__cxxabiv117__class_type_info16search_above_dstEPNS_19__dynamic_cast_infoEPKvS4_ib  libcppabi_w.l(private_typeinfo.cpp.o)
    0x00006e24   0x00006e24   0x000000a0   Code   RO          452    .text._ZNK10__cxxabiv117__class_type_info16search_below_dstEPNS_19__dynamic_cast_infoEPKvib  libcppabi_w.l(private_typeinfo.cpp.o)
    0x00006ec4   0x00006ec4   0x00000044   Code   RO          422    .text._ZNK10__cxxabiv117__class_type_info27has_unambiguous_public_baseEPNS_19__dynamic_cast_infoEPvi  libcppabi_w.l(private_typeinfo.cpp.o)
    0x00006f08   0x00006f08   0x00000062   Code   RO          440    .text._ZNK10__cxxabiv117__class_type_info29process_static_type_above_dstEPNS_19__dynamic_cast_infoEPKvS4_i  libcppabi_w.l(private_typeinfo.cpp.o)
    0x00006f6a   0x00006f6a   0x00000072   Code   RO          416    .text._ZNK10__cxxabiv117__class_type_info9can_catchEPKNS_16__shim_type_infoERPv  libcppabi_w.l(private_typeinfo.cpp.o)
    0x00006fdc   0x00006fdc   0x00000056   Code   RO          456    .text._ZNK10__cxxabiv120__si_class_type_info16search_above_dstEPNS_19__dynamic_cast_infoEPKvS4_ib  libcppabi_w.l(private_typeinfo.cpp.o)
    0x00007032   0x00007032   0x000000e2   Code   RO          450    .text._ZNK10__cxxabiv120__si_class_type_info16search_below_dstEPNS_19__dynamic_cast_infoEPKvib  libcppabi_w.l(private_typeinfo.cpp.o)
    0x00007114   0x00007114   0x00000052   Code   RO          424    .text._ZNK10__cxxabiv120__si_class_type_info27has_unambiguous_public_baseEPNS_19__dynamic_cast_infoEPvi  libcppabi_w.l(private_typeinfo.cpp.o)
    0x00007166   0x00007166   0x00000002   PAD
    0x00007168   0x00007168   0x0000012c   Code   RO          454    .text._ZNK10__cxxabiv121__vmi_class_type_info16search_above_dstEPNS_19__dynamic_cast_infoEPKvS4_ib  libcppabi_w.l(private_typeinfo.cpp.o)
    0x00007294   0x00007294   0x00000266   Code   RO          444    .text._ZNK10__cxxabiv121__vmi_class_type_info16search_below_dstEPNS_19__dynamic_cast_infoEPKvib  libcppabi_w.l(private_typeinfo.cpp.o)
    0x000074fa   0x000074fa   0x00000002   PAD
    0x000074fc   0x000074fc   0x00000090   Code   RO          428    .text._ZNK10__cxxabiv121__vmi_class_type_info27has_unambiguous_public_baseEPNS_19__dynamic_cast_infoEPvi  libcppabi_w.l(private_typeinfo.cpp.o)
    0x0000758c   0x0000758c   0x00000036   Code   RO          426    .text._ZNK10__cxxabiv122__base_class_type_info27has_unambiguous_public_baseEPNS_19__dynamic_cast_infoEPvi  libcppabi_w.l(private_typeinfo.cpp.o)
    0x000075c2   0x000075c2   0x00000002   Code   RO          798    .text._ZNSt9type_infoD2Ev  libcppabi_w.l(stdlib_typeinfo.cpp.o)
    0x000075c4   0x000075c4   0x0000000c   Code   RO          788    .text._ZSt15get_new_handlerv  libcppabi_w.l(cxa_handlers.cpp.o)
    0x000075d0   0x000075d0   0x00000004   Code   RO          345    .text._ZdlPv        libcpp_w.l(new.cpp.o)
    0x000075d4   0x000075d4   0x00000004   Code   RO          349    .text._ZdlPvj       libcpp_w.l(new.cpp.o)
    0x000075d8   0x000075d8   0x00000004   Code   RO          341    .text._Znaj         libcpp_w.l(new.cpp.o)
    0x000075dc   0x000075dc   0x00000026   Code   RO          337    .text._Znwj         libcpp_w.l(new.cpp.o)
    0x00007602   0x00007602   0x00000002   PAD
    0x00007604   0x00007604   0x000000aa   Code   RO          418    .text.__dynamic_cast  libcppabi_w.l(private_typeinfo.cpp.o)
    0x000076ae   0x000076ae   0x00000002   PAD
    0x000076b0   0x000076b0   0x000000c4   Code   RO          326    x$fpl$fadd          fz_ws.l(faddsub_clz.o)
    0x00007774   0x00007774   0x00000102   Code   RO          332    x$fpl$fmul          fz_ws.l(fmul.o)
    0x00007876   0x00007876   0x0000008c   Code   RO          770    x$fpl$fnaninf       fz_ws.l(fnaninf.o)
    0x00007902   0x00007902   0x0000000a   Code   RO          772    x$fpl$fretinf       fz_ws.l(fretinf.o)
    0x0000790c   0x0000790c   0x000000ea   Code   RO          328    x$fpl$fsub          fz_ws.l(faddsub_clz.o)
    0x000079f6   0x000079f6   0x00000000   Code   RO          774    x$fpl$usenofp       fz_ws.l(usenofp.o)
    0x000079f6   0x000079f6   0x0000000d   Data   RO           90    .rodata._ZL10Rcmd2green  st7735.o
    0x00007a03   0x00007a03   0x00001928   Data   RO          128    .rodata._ZL10bExplosion  sound.o
    0x0000932b   0x0000932b   0x00000001   PAD
    0x0000932c   0x0000932c   0x00000c80   Data   RO          227    .rodata._ZL10blue_abort  module.o
    0x00009fac   0x00009fac   0x00000c80   Data   RO          231    .rodata._ZL10blue_press  module.o
    0x0000ac2c   0x0000ac2c   0x00000c80   Data   RO          238    .rodata._ZL10white_hold  module.o
    0x0000b8ac   0x0000b8ac   0x00000c80   Data   RO          241    .rodata._ZL10white_stop  module.o
    0x0000c52c   0x0000c52c   0x00000708   Data   RO          224    .rodata._ZL11emptymodule  module.o
    0x0000cc34   0x0000cc34   0x00000028   Data   RO          252    .rodata._ZL11frequencies  module.o
    0x0000cc5c   0x0000cc5c   0x00000024   Data   RO           98    .rodata._ZL11smallCircle  st7735.o
    0x0000cc80   0x0000cc80   0x00000c80   Data   RO          237    .rodata._ZL11white_abort  module.o
    0x0000d900   0x0000d900   0x00000c80   Data   RO          240    .rodata._ZL11white_press  module.o
    0x0000e580   0x0000e580   0x00000c80   Data   RO          243    .rodata._ZL11yellow_hold  module.o
    0x0000f200   0x0000f200   0x00000c80   Data   RO          246    .rodata._ZL11yellow_stop  module.o
    0x0000fe80   0x0000fe80   0x00000032   Data   RO          223    .rodata._ZL12solved_light  module.o
    0x0000feb2   0x0000feb2   0x00000c80   Data   RO          245    .rodata._ZL12yellow_press  module.o
    0x00010b32   0x00010b32   0x00000c80   Data   RO          242    .rodata._ZL13yellow_bumper  module.o
    0x000117b2   0x000117b2   0x00000032   Data   RO          222    .rodata._ZL14unsolved_light  module.o
    0x000117e4   0x000117e4   0x00000067   Data   RO           88    .rodata._ZL4Bcmd    st7735.o
    0x0001184b   0x0001184b   0x000004fb   Data   RO          100    .rodata._ZL4Font    st7735.o
    0x00011d46   0x00011d46   0x00000200   Data   RO          110    .rodata._ZL4dBfs    st7735.o
    0x00011f46   0x00011f46   0x0000003b   Data   RO           89    .rodata._ZL5Rcmd1   st7735.o
    0x00011f81   0x00011f81   0x0000002b   Data   RO           94    .rodata._ZL5Rcmd3   st7735.o
    0x00011fac   0x00011fac   0x000022b0   Data   RO           51    .rodata._ZL5title   main.o
    0x0001425c   0x0001425c   0x0000003c   Data   RO           99    .rodata._ZL6circle  st7735.o
    0x00014298   0x00014298   0x00000050   Data   RO          249    .rodata._ZL6colors  module.o
    0x000142e8   0x000142e8   0x00000152   Data   RO          186    .rodata._ZL6image1  module.o
    0x0001443a   0x0001443a   0x00000152   Data   RO          187    .rodata._ZL6image2  module.o
    0x0001458c   0x0001458c   0x00000152   Data   RO          188    .rodata._ZL6image3  module.o
    0x000146de   0x000146de   0x00000152   Data   RO          189    .rodata._ZL6image4  module.o
    0x00014830   0x00014830   0x00000152   Data   RO          190    .rodata._ZL6image5  module.o
    0x00014982   0x00014982   0x00000152   Data   RO          191    .rodata._ZL6image6  module.o
    0x00014ad4   0x00014ad4   0x00000152   Data   RO          192    .rodata._ZL6image7  module.o
    0x00014c26   0x00014c26   0x00000152   Data   RO          193    .rodata._ZL6image8  module.o
    0x00014d78   0x00014d78   0x00000152   Data   RO          194    .rodata._ZL6image9  module.o
    0x00014eca   0x00014eca   0x00000c80   Data   RO          234    .rodata._ZL6red_no  module.o
    0x00015b4a   0x00015b4a   0x0000008c   Data   RO          218    .rodata._ZL6strike  module.o
    0x00015bd6   0x00015bd6   0x00000002   PAD
    0x00015bd8   0x00015bd8   0x00000034   Data   RO          220    .rodata._ZL6xCords  module.o
    0x00015c0c   0x00015c0c   0x00000034   Data   RO          221    .rodata._ZL6yCords  module.o
    0x00015c40   0x00015c40   0x00000c80   Data   RO          229    .rodata._ZL7blue_no  module.o
    0x000168c0   0x000168c0   0x00000152   Data   RO          195    .rodata._ZL7image10  module.o
    0x00016a12   0x00016a12   0x00000152   Data   RO          196    .rodata._ZL7image11  module.o
    0x00016b64   0x00016b64   0x00000152   Data   RO          197    .rodata._ZL7image12  module.o
    0x00016cb6   0x00016cb6   0x00000152   Data   RO          198    .rodata._ZL7image13  module.o
    0x00016e08   0x00016e08   0x00000152   Data   RO          199    .rodata._ZL7image14  module.o
    0x00016f5a   0x00016f5a   0x00000152   Data   RO          200    .rodata._ZL7image15  module.o
    0x000170ac   0x000170ac   0x00000152   Data   RO          201    .rodata._ZL7image16  module.o
    0x000171fe   0x000171fe   0x00000152   Data   RO          202    .rodata._ZL7image17  module.o
    0x00017350   0x00017350   0x00000152   Data   RO          203    .rodata._ZL7image18  module.o
    0x000174a2   0x000174a2   0x00000152   Data   RO          204    .rodata._ZL7image19  module.o
    0x000175f4   0x000175f4   0x00000152   Data   RO          205    .rodata._ZL7image20  module.o
    0x00017746   0x00017746   0x00000152   Data   RO          206    .rodata._ZL7image21  module.o
    0x00017898   0x00017898   0x00000152   Data   RO          207    .rodata._ZL7image22  module.o
    0x000179ea   0x000179ea   0x00000152   Data   RO          208    .rodata._ZL7image23  module.o
    0x00017b3c   0x00017b3c   0x00000152   Data   RO          209    .rodata._ZL7image24  module.o
    0x00017c8e   0x00017c8e   0x00000152   Data   RO          210    .rodata._ZL7image25  module.o
    0x00017de0   0x00017de0   0x00000152   Data   RO          211    .rodata._ZL7image26  module.o
    0x00017f32   0x00017f32   0x00000152   Data   RO          212    .rodata._ZL7image27  module.o
    0x00018084   0x00018084   0x00000152   Data   RO          213    .rodata._ZL7image28  module.o
    0x000181d6   0x000181d6   0x00000002   PAD
    0x000181d8   0x000181d8   0x00000050   Data   RO          250    .rodata._ZL7phrases  module.o
    0x00018228   0x00018228   0x0000000d   Data   RO           93    .rodata._ZL8Rcmd2red  st7735.o
    0x00018235   0x00018235   0x0000409a   Data   RO          129    .rodata._ZL8complete  sound.o
    0x0001c2cf   0x0001c2cf   0x00000001   PAD
    0x0001c2d0   0x0001c2d0   0x00000c80   Data   RO          233    .rodata._ZL8red_hold  module.o
    0x0001cf50   0x0001cf50   0x00000c80   Data   RO          235    .rodata._ZL8red_stop  module.o
    0x0001dbd0   0x0001dbd0   0x00000c80   Data   RO          239    .rodata._ZL8white_no  module.o
    0x0001e850   0x0001e850   0x00000c80   Data   RO          228    .rodata._ZL9blue_hold  module.o
    0x0001f4d0   0x0001f4d0   0x00000c80   Data   RO          230    .rodata._ZL9blue_stop  module.o
    0x00020150   0x00020150   0x00000c80   Data   RO          232    .rodata._ZL9red_abort  module.o
    0x00020dd0   0x00020dd0   0x00000c80   Data   RO          236    .rodata._ZL9red_press  module.o
    0x00021a50   0x00021a50   0x00000c80   Data   RO          244    .rodata._ZL9yellow_no  module.o
    0x000226d0   0x000226d0   0x00000008   Data   RO          306    .rodata._ZTI4Bomb   module.o
    0x000226d8   0x000226d8   0x0000000c   Data   RO          298    .rodata._ZTI4Math   module.o
    0x000226e4   0x000226e4   0x0000000c   Data   RO          290    .rodata._ZTI5Timer  module.o
    0x000226f0   0x000226f0   0x0000000c   Data   RO          292    .rodata._ZTI5Wires  module.o
    0x000226fc   0x000226fc   0x0000000c   Data   RO          294    .rodata._ZTI6Button  module.o
    0x00022708   0x00022708   0x00000018   Data   RO          288    .rodata._ZTI6Module  module.o
    0x00022720   0x00022720   0x0000000c   Data   RO          296    .rodata._ZTI9MorseCode  module.o
    0x0002272c   0x0002272c   0x0000000c   Data   RO          461    .rodata._ZTIN10__cxxabiv116__shim_type_infoE  libcppabi_w.l(private_typeinfo.cpp.o)
    0x00022738   0x00022738   0x0000000c   Data   RO          463    .rodata._ZTIN10__cxxabiv117__class_type_infoE  libcppabi_w.l(private_typeinfo.cpp.o)
    0x00022744   0x00022744   0x0000000c   Data   RO          638    .rodata._ZTIN10__cxxabiv120__si_class_type_infoE  libcppabi_w.l(private_typeinfo.cpp.o)
    0x00022750   0x00022750   0x0000000c   Data   RO          641    .rodata._ZTIN10__cxxabiv121__vmi_class_type_infoE  libcppabi_w.l(private_typeinfo.cpp.o)
    0x0002275c   0x0002275c   0x00000008   Data   RO          822    .rodata._ZTISt9type_info  libcppabi_w.l(stdlib_typeinfo.cpp.o)
    0x00022764   0x00022764   0x00000006   Data   RO          305    .rodata._ZTS4Bomb   module.o
    0x0002276a   0x0002276a   0x00000006   Data   RO          297    .rodata._ZTS4Math   module.o
    0x00022770   0x00022770   0x00000007   Data   RO          289    .rodata._ZTS5Timer  module.o
    0x00022777   0x00022777   0x00000007   Data   RO          291    .rodata._ZTS5Wires  module.o
    0x0002277e   0x0002277e   0x00000008   Data   RO          293    .rodata._ZTS6Button  module.o
    0x00022786   0x00022786   0x00000008   Data   RO          287    .rodata._ZTS6Module  module.o
    0x0002278e   0x0002278e   0x0000000b   Data   RO          295    .rodata._ZTS9MorseCode  module.o
    0x00022799   0x00022799   0x00000021   Data   RO          460    .rodata._ZTSN10__cxxabiv116__shim_type_infoE  libcppabi_w.l(private_typeinfo.cpp.o)
    0x000227ba   0x000227ba   0x00000022   Data   RO          462    .rodata._ZTSN10__cxxabiv117__class_type_infoE  libcppabi_w.l(private_typeinfo.cpp.o)
    0x000227dc   0x000227dc   0x00000025   Data   RO          637    .rodata._ZTSN10__cxxabiv120__si_class_type_infoE  libcppabi_w.l(private_typeinfo.cpp.o)
    0x00022801   0x00022801   0x00000026   Data   RO          640    .rodata._ZTSN10__cxxabiv121__vmi_class_type_infoE  libcppabi_w.l(private_typeinfo.cpp.o)
    0x00022827   0x00022827   0x0000000d   Data   RO          821    .rodata._ZTSSt9type_info  libcppabi_w.l(stdlib_typeinfo.cpp.o)
    0x00022834   0x00022834   0x00000010   Data   RO          286    .rodata._ZTV4Math   module.o
    0x00022844   0x00022844   0x00000010   Data   RO          225    .rodata._ZTV5Timer  module.o
    0x00022854   0x00022854   0x00000010   Data   RO          226    .rodata._ZTV5Wires  module.o
    0x00022864   0x00022864   0x00000010   Data   RO          248    .rodata._ZTV6Button  module.o
    0x00022874   0x00022874   0x00000010   Data   RO          219    .rodata._ZTV6Module  module.o
    0x00022884   0x00022884   0x00000010   Data   RO          251    .rodata._ZTV9MorseCode  module.o
    0x00022894   0x00022894   0x00000028   Data   RO          635    .rodata._ZTVN10__cxxabiv117__class_type_infoE  libcppabi_w.l(private_typeinfo.cpp.o)
    0x000228bc   0x000228bc   0x00000028   Data   RO          636    .rodata._ZTVN10__cxxabiv120__si_class_type_infoE  libcppabi_w.l(private_typeinfo.cpp.o)
    0x000228e4   0x000228e4   0x00000028   Data   RO          639    .rodata._ZTVN10__cxxabiv121__vmi_class_type_infoE  libcppabi_w.l(private_typeinfo.cpp.o)
    0x0002290c   0x0002290c   0x0000006c   Data   RO           52    .rodata.str1.1      main.o
    0x00022978   0x00022978   0x0000001c   Data   RO          103    .rodata.str1.1      st7735.o
    0x00022994   0x00022994   0x00000111   Data   RO          215    .rodata.str1.1      module.o
    0x00022aa5   0x00022aa5   0x00000003   PAD
    0x00022aa8   0x00022aa8   0x00000020   Data   RO         1041    Region$$Table       anon$$obj.o
    0x00022ac8   0x00022ac8   0x00000004   Data   RO           54    .init_array         main.o
    0x00022acc   0x00022ac8   0x00000004   Data   RO          155    .init_array         timer1.o
    0x00022ad0   0x00022ac8   0x00000004   Data   RO          164    .init_array         uart.o
    0x00022ad4   0x00022ac8   0x00000004   Data   RO          299    .init_array         module.o
    0x00022ad8   0x00022ac8   0x00000000   Data   RO          321    .init_array         c_w.l(init_aeabi.o)


    Execution Region RW_IRAM1 (Exec base: 0x20000000, Load base: 0x00022ad8, Size: 0x00000fe0, Max: 0x00008000, ABSOLUTE)

    Exec Addr    Load Addr    Size         Type   Attr      Idx    E Section Name        Object

    0x20000000   0x00022ad8   0x00000004   Data   RW           46    .data.ADCint        main.o
    0x20000004   0x00022adc   0x00000002   Data   RW           87    .data.StTextColor   st7735.o
    0x20000006   0x00022ade   0x00000002   Data   RW           96    .data._ZL6_width    st7735.o
    0x20000008   0x00022ae0   0x00000002   Data   RW           97    .data._ZL7_height   st7735.o
    0x2000000a   0x00022ae2   0x00000002   PAD
    0x2000000c   0x00022ae4   0x00000050   Data   RW          247    .data.buttons       module.o
    0x2000005c   0x00022b34   0x00000074   Data   RW          214    .data.math_images   module.o
    0x200000d0   0x00022ba8   0x00000028   Data   RW          216    .data.morse         module.o
    0x200000f8   0x00022bd0   0x0000000c   Data   RW          151    .data.presses       timer1.o
    0x20000104   0x00022bdc   0x00000001   Data   RW           27    .data.selectormoved  main.o
    0x20000105   0x00022bdd   0x00000003   PAD
    0x20000108   0x00022be0   0x00000030   Data   RW           13    .data.setUp         main.o
    0x20000138   0x00022c10   0x00000028   Data   RW          217    .data.words         module.o
    0x20000160        -       0x00000060   Zero   RW          940    .bss                c_w.l(libspace.o)
    0x200001c0        -       0x00000001   Zero   RW           50    .bss.ADCFlag        main.o
    0x200001c1   0x00022c38   0x00000003   PAD
    0x200001c4        -       0x00000058   Zero   RW           47    .bss.ADCinterval    main.o
    0x2000021c        -       0x00000004   Zero   RW          126    .bss.Length         sound.o
    0x20000220        -       0x0000000c   Zero   RW          101    .bss.Message        st7735.o
    0x2000022c        -       0x00000004   Zero   RW          102    .bss.Messageindex   st7735.o
    0x20000230        -       0x00000004   Zero   RW          139    .bss.PeriodicTask0  timer0.o
    0x20000234        -       0x00000004   Zero   RW          147    .bss.PeriodicTask1  timer1.o
    0x20000238        -       0x00000004   Zero   RW           33    .bss.PeriodicTask3  main.o
    0x2000023c        -       0x00000028   Zero   RW          163    .bss.RxFifo         uart.o
    0x20000264        -       0x00000004   Zero   RW          127    .bss.SoundPt        sound.o
    0x20000268        -       0x00000004   Zero   RW           85    .bss.StX            st7735.o
    0x2000026c        -       0x00000004   Zero   RW           86    .bss.StY            st7735.o
    0x20000270        -       0x00000004   Zero   RW          107    .bss.X              st7735.o
    0x20000274        -       0x00000004   Zero   RW          105    .bss.Ymax           st7735.o
    0x20000278        -       0x00000004   Zero   RW          106    .bss.Ymin           st7735.o
    0x2000027c        -       0x00000004   Zero   RW          108    .bss.Yrange         st7735.o
    0x20000280        -       0x00000004   Zero   RW           77    .bss._ZL1M          random.o
    0x20000284        -       0x00000001   Zero   RW           91    .bss._ZL8ColStart   st7735.o
    0x20000285        -       0x00000001   Zero   RW          104    .bss._ZL8Rotation   st7735.o
    0x20000286        -       0x00000001   Zero   RW           92    .bss._ZL8RowStart   st7735.o
    0x20000287        -       0x00000001   Zero   RW           95    .bss._ZL8TabColor   st7735.o
    0x20000288        -       0x00000004   Zero   RW          897    .bss.__cxa_new_handler  libcppabi_w.l(cxa_default_handlers.cpp.o)
    0x2000028c        -       0x00000004   Zero   RW          154    .bss.answer         timer1.o
    0x20000290        -       0x0000002c   Zero   RW           17    .bss.b              main.o
    0x200002bc        -       0x00000004   Zero   RW           23    .bss.b1             main.o
    0x200002c0        -       0x00000004   Zero   RW           24    .bss.b2             main.o
    0x200002c4        -       0x0000000c   Zero   RW          253    .bss.img1           module.o
    0x200002d0        -       0x0000000c   Zero   RW          262    .bss.img10          module.o
    0x200002dc        -       0x0000000c   Zero   RW          263    .bss.img11          module.o
    0x200002e8        -       0x0000000c   Zero   RW          264    .bss.img12          module.o
    0x200002f4        -       0x0000000c   Zero   RW          265    .bss.img13          module.o
    0x20000300        -       0x0000000c   Zero   RW          266    .bss.img14          module.o
    0x2000030c        -       0x0000000c   Zero   RW          267    .bss.img15          module.o
    0x20000318        -       0x0000000c   Zero   RW          268    .bss.img16          module.o
    0x20000324        -       0x0000000c   Zero   RW          269    .bss.img17          module.o
    0x20000330        -       0x0000000c   Zero   RW          270    .bss.img18          module.o
    0x2000033c        -       0x0000000c   Zero   RW          271    .bss.img19          module.o
    0x20000348        -       0x0000000c   Zero   RW          254    .bss.img2           module.o
    0x20000354        -       0x0000000c   Zero   RW          272    .bss.img20          module.o
    0x20000360        -       0x0000000c   Zero   RW          273    .bss.img21          module.o
    0x2000036c        -       0x0000000c   Zero   RW          274    .bss.img22          module.o
    0x20000378        -       0x0000000c   Zero   RW          275    .bss.img23          module.o
    0x20000384        -       0x0000000c   Zero   RW          276    .bss.img24          module.o
    0x20000390        -       0x0000000c   Zero   RW          277    .bss.img25          module.o
    0x2000039c        -       0x0000000c   Zero   RW          278    .bss.img26          module.o
    0x200003a8        -       0x0000000c   Zero   RW          279    .bss.img27          module.o
    0x200003b4        -       0x0000000c   Zero   RW          280    .bss.img28          module.o
    0x200003c0        -       0x0000000c   Zero   RW          255    .bss.img3           module.o
    0x200003cc        -       0x0000000c   Zero   RW          256    .bss.img4           module.o
    0x200003d8        -       0x0000000c   Zero   RW          257    .bss.img5           module.o
    0x200003e4        -       0x0000000c   Zero   RW          258    .bss.img6           module.o
    0x200003f0        -       0x0000000c   Zero   RW          259    .bss.img7           module.o
    0x200003fc        -       0x0000000c   Zero   RW          260    .bss.img8           module.o
    0x20000408        -       0x0000000c   Zero   RW          261    .bss.img9           module.o
    0x20000414        -       0x0000015c   Zero   RW          281    .bss.imgarray       module.o
    0x20000570        -       0x00000084   Zero   RW          283    .bss.imgdigits      module.o
    0x200005f4        -       0x00000030   Zero   RW          284    .bss.imgops         module.o
    0x20000624        -       0x00000120   Zero   RW          285    .bss.imgposs        module.o
    0x20000744        -       0x00000004   Zero   RW           40    .bss.language       main.o
    0x20000748        -       0x00000004   Zero   RW          109    .bss.lastj          st7735.o
    0x2000074c        -       0x00000004   Zero   RW           21    .bss.m1             main.o
    0x20000750        -       0x00000004   Zero   RW           22    .bss.m2             main.o
    0x20000754        -       0x00000004   Zero   RW           25    .bss.mc1            main.o
    0x20000758        -       0x00000004   Zero   RW           26    .bss.mc2            main.o
    0x2000075c        -       0x00000030   Zero   RW           14    .bss.modules        main.o
    0x2000078c        -       0x00000014   Zero   RW           12    .bss.my             main.o
    0x200007a0        -       0x00000004   Zero   RW           31    .bss.num_MorseCode  main.o
    0x200007a4        -       0x00000004   Zero   RW           30    .bss.num_button     main.o
    0x200007a8        -       0x00000004   Zero   RW           29    .bss.num_math       main.o
    0x200007ac        -       0x00000004   Zero   RW           28    .bss.num_wires      main.o
    0x200007b0        -       0x00000001   Zero   RW          152    .bss.onetime        timer1.o
    0x200007b1   0x00022c38   0x00000003   PAD
    0x200007b4        -       0x00000004   Zero   RW          149    .bss.pressed        timer1.o
    0x200007b8        -       0x00000004   Zero   RW          148    .bss.prev_sel       timer1.o
    0x200007bc        -       0x00000004   Zero   RW           42    .bss.screen         main.o
    0x200007c0        -       0x00000001   Zero   RW           18    .bss.selectorclicked  main.o
    0x200007c1   0x00022c38   0x00000003   PAD
    0x200007c4        -       0x00000004   Zero   RW           15    .bss.t              main.o
    0x200007c8        -       0x00000001   Zero   RW          153    .bss.tentime        timer1.o
    0x200007c9   0x00022c38   0x00000003   PAD
    0x200007cc        -       0x00000004   Zero   RW           32    .bss.timer_location  main.o
    0x200007d0        -       0x00000004   Zero   RW           19    .bss.w1             main.o
    0x200007d4        -       0x00000004   Zero   RW           20    .bss.w2             main.o
    0x200007d8        -       0x00000004   Zero   RW          150    .bss.waited         timer1.o
    0x200007dc   0x00022c38   0x00000004   PAD
    0x200007e0        -       0x00000400   Zero   RW            2    HEAP                startup_tm4c123.o
    0x20000be0        -       0x00000400   Zero   RW            1    STACK               startup_tm4c123.o


==============================================================================

Image component sizes


      Code (inc. data)   RO Data    RW Data    ZI Data      Debug   Object Name

       108          0          0          0          0       1621   dac.o
        72          0          0          0          0       2377   fifo.o
      2568         12       8992         53        270       5926   main.o
     11224         56      76326        276       1152      24365   module.o
       138          0          0          0          0       1554   pll.o
        92          0          0          0          4       1732   random.o
       464          0          0          0          0       2838   slidepot.o
       384          0      22978          0          8       2638   sound.o
      7050          4       2142          6         48      13560   st7735.o
       296         22        620          0       2048       5584   startup_tm4c123.o
       652          0          0          0          0       2051   texas.o
       216          0          0          0          4       2012   timer0.o
      2924         40          4         12         22       3777   timer1.o
       176          0          4          0         40       2548   uart.o

    ----------------------------------------------------------------------
     26368        134     111107        352       3612      72583   Object Totals
         0          0         32          0          0          0   (incl. Generated)
         4          0          9          5         16          0   (incl. Padding)

    ----------------------------------------------------------------------

      Code (inc. data)   RO Data    RW Data    ZI Data      Debug   Library Member Name

         8          0          0          0          0         68   __main.o
         0          0          0          0          0          0   __rtentry.o
        12          0          0          0          0          0   __rtentry2.o
         6          0          0          0          0          0   __rtentry4.o
        52          8          0          0          0          0   __scatter.o
        26          0          0          0          0          0   __scatter_copy.o
        28          0          0          0          0          0   __scatter_zi.o
        10          0          0          0          0         68   defsig_exit.o
        50          0          0          0          0         88   defsig_general.o
        80         58          0          0          0         76   defsig_rtmem_inner.o
        14          0          0          0          0         80   defsig_rtmem_outer.o
        18          0          0          0          0         80   exit.o
        94          0          0          0          0         80   h1_alloc.o
        52          0          0          0          0         68   h1_extend.o
        78          0          0          0          0         80   h1_free.o
        14          0          0          0          0         84   h1_init.o
         6          0          0          0          0        152   heapauxi.o
         4          0          0          0          0        136   hguard.o
         0          0          0          0          0          0   indicate_semi.o
        36          8          0          0          0         80   init_aeabi.o
       138          0          0          0          0        168   init_alloc.o
         2          0          0          0          0          0   libinit.o
        14          0          0          0          0          0   libinit2.o
         2          0          0          0          0          0   libshutdown.o
         2          0          0          0          0          0   libshutdown2.o
         8          4          0          0         96         68   libspace.o
         0          0          0          0          0          0   maybetermalloc1.o
         8          4          0          0          0         68   rt_heap_descriptor_intlibspace.o
        78          0          0          0          0         80   rt_memclr_w.o
         2          0          0          0          0          0   rtexit.o
        10          0          0          0          0          0   rtexit2.o
       124          0          0          0          0         88   strcmpv7em.o
        12          4          0          0          0         68   sys_exit.o
        74          0          0          0          0         80   sys_stackheap_outer.o
        14          0          0          0          0         76   sys_wrch.o
         2          0          0          0          0         68   use_no_semi.o
       430          8          0          0          0        168   faddsub_clz.o
       258          4          0          0          0         84   fmul.o
       140          4          0          0          0         84   fnaninf.o
        10          0          0          0          0         68   fretinf.o
         0          0          0          0          0          0   usenofp.o
        50          0          0          0          0        380   new.cpp.o
         0          0          0          0          4          0   cxa_default_handlers.cpp.o
        12          0          0          0          0        132   cxa_handlers.cpp.o
      2234          0        310          0          0       1048   private_typeinfo.cpp.o
         2          0         21          0          0        196   stdlib_typeinfo.cpp.o

    ----------------------------------------------------------------------
      4234        102        331          0        100       4064   Library Totals
        20          0          0          0          0          0   (incl. Padding)

    ----------------------------------------------------------------------

      Code (inc. data)   RO Data    RW Data    ZI Data      Debug   Library Name

      1078         86          0          0         96       1904   c_w.l
       838         16          0          0          0        404   fz_ws.l
        50          0          0          0          0        380   libcpp_w.l
      2248          0        331          0          4       1376   libcppabi_w.l

    ----------------------------------------------------------------------
      4234        102        331          0        100       4064   Library Totals

    ----------------------------------------------------------------------

==============================================================================


      Code (inc. data)   RO Data    RW Data    ZI Data      Debug   

     30602        236     111438        352       3712      75127   Grand Totals
     30602        236     111438        352       3712      75127   ELF Image Totals
     30602        236     111438        352          0          0   ROM Totals

==============================================================================

    Total RO  Size (Code + RO Data)               142040 ( 138.71kB)
    Total RW  Size (RW Data + ZI Data)              4064 (   3.97kB)
    Total ROM Size (Code + RO Data + RW Data)     142392 ( 139.05kB)

==============================================================================

